Archive member included to satisfy reference by file (symbol)

C:/ST/STM32CubeIDE_1.15.1/STM32CubeIDE/plugins/com.st.stm32cube.ide.mcu.externaltools.gnu-tools-for-stm32.12.3.rel1.win32_1.0.100.202403111256/tools/bin/../lib/gcc/arm-none-eabi/12.3.1/../../../../arm-none-eabi/lib/thumb/v7-m/nofp\libc_nano.a(libc_a-exit.o)
                              C:/ST/STM32CubeIDE_1.15.1/STM32CubeIDE/plugins/com.st.stm32cube.ide.mcu.externaltools.gnu-tools-for-stm32.12.3.rel1.win32_1.0.100.202403111256/tools/bin/../lib/gcc/arm-none-eabi/12.3.1/../../../../arm-none-eabi/lib/thumb/v7-m/nofp/crt0.o (exit)
C:/ST/STM32CubeIDE_1.15.1/STM32CubeIDE/plugins/com.st.stm32cube.ide.mcu.externaltools.gnu-tools-for-stm32.12.3.rel1.win32_1.0.100.202403111256/tools/bin/../lib/gcc/arm-none-eabi/12.3.1/../../../../arm-none-eabi/lib/thumb/v7-m/nofp\libc_nano.a(libc_a-findfp.o)
                              C:/ST/STM32CubeIDE_1.15.1/STM32CubeIDE/plugins/com.st.stm32cube.ide.mcu.externaltools.gnu-tools-for-stm32.12.3.rel1.win32_1.0.100.202403111256/tools/bin/../lib/gcc/arm-none-eabi/12.3.1/../../../../arm-none-eabi/lib/thumb/v7-m/nofp\libc_nano.a(libc_a-exit.o) (__stdio_exit_handler)
C:/ST/STM32CubeIDE_1.15.1/STM32CubeIDE/plugins/com.st.stm32cube.ide.mcu.externaltools.gnu-tools-for-stm32.12.3.rel1.win32_1.0.100.202403111256/tools/bin/../lib/gcc/arm-none-eabi/12.3.1/../../../../arm-none-eabi/lib/thumb/v7-m/nofp\libc_nano.a(libc_a-fwalk.o)
                              C:/ST/STM32CubeIDE_1.15.1/STM32CubeIDE/plugins/com.st.stm32cube.ide.mcu.externaltools.gnu-tools-for-stm32.12.3.rel1.win32_1.0.100.202403111256/tools/bin/../lib/gcc/arm-none-eabi/12.3.1/../../../../arm-none-eabi/lib/thumb/v7-m/nofp\libc_nano.a(libc_a-findfp.o) (_fwalk_sglue)
C:/ST/STM32CubeIDE_1.15.1/STM32CubeIDE/plugins/com.st.stm32cube.ide.mcu.externaltools.gnu-tools-for-stm32.12.3.rel1.win32_1.0.100.202403111256/tools/bin/../lib/gcc/arm-none-eabi/12.3.1/../../../../arm-none-eabi/lib/thumb/v7-m/nofp\libc_nano.a(libc_a-stdio.o)
                              C:/ST/STM32CubeIDE_1.15.1/STM32CubeIDE/plugins/com.st.stm32cube.ide.mcu.externaltools.gnu-tools-for-stm32.12.3.rel1.win32_1.0.100.202403111256/tools/bin/../lib/gcc/arm-none-eabi/12.3.1/../../../../arm-none-eabi/lib/thumb/v7-m/nofp\libc_nano.a(libc_a-findfp.o) (__sread)
C:/ST/STM32CubeIDE_1.15.1/STM32CubeIDE/plugins/com.st.stm32cube.ide.mcu.externaltools.gnu-tools-for-stm32.12.3.rel1.win32_1.0.100.202403111256/tools/bin/../lib/gcc/arm-none-eabi/12.3.1/../../../../arm-none-eabi/lib/thumb/v7-m/nofp\libc_nano.a(libc_a-memset.o)
                              C:/ST/STM32CubeIDE_1.15.1/STM32CubeIDE/plugins/com.st.stm32cube.ide.mcu.externaltools.gnu-tools-for-stm32.12.3.rel1.win32_1.0.100.202403111256/tools/bin/../lib/gcc/arm-none-eabi/12.3.1/../../../../arm-none-eabi/lib/thumb/v7-m/nofp/crt0.o (memset)
C:/ST/STM32CubeIDE_1.15.1/STM32CubeIDE/plugins/com.st.stm32cube.ide.mcu.externaltools.gnu-tools-for-stm32.12.3.rel1.win32_1.0.100.202403111256/tools/bin/../lib/gcc/arm-none-eabi/12.3.1/../../../../arm-none-eabi/lib/thumb/v7-m/nofp\libc_nano.a(libc_a-closer.o)
                              C:/ST/STM32CubeIDE_1.15.1/STM32CubeIDE/plugins/com.st.stm32cube.ide.mcu.externaltools.gnu-tools-for-stm32.12.3.rel1.win32_1.0.100.202403111256/tools/bin/../lib/gcc/arm-none-eabi/12.3.1/../../../../arm-none-eabi/lib/thumb/v7-m/nofp\libc_nano.a(libc_a-stdio.o) (_close_r)
C:/ST/STM32CubeIDE_1.15.1/STM32CubeIDE/plugins/com.st.stm32cube.ide.mcu.externaltools.gnu-tools-for-stm32.12.3.rel1.win32_1.0.100.202403111256/tools/bin/../lib/gcc/arm-none-eabi/12.3.1/../../../../arm-none-eabi/lib/thumb/v7-m/nofp\libc_nano.a(libc_a-reent.o)
                              C:/ST/STM32CubeIDE_1.15.1/STM32CubeIDE/plugins/com.st.stm32cube.ide.mcu.externaltools.gnu-tools-for-stm32.12.3.rel1.win32_1.0.100.202403111256/tools/bin/../lib/gcc/arm-none-eabi/12.3.1/../../../../arm-none-eabi/lib/thumb/v7-m/nofp\libc_nano.a(libc_a-closer.o) (errno)
C:/ST/STM32CubeIDE_1.15.1/STM32CubeIDE/plugins/com.st.stm32cube.ide.mcu.externaltools.gnu-tools-for-stm32.12.3.rel1.win32_1.0.100.202403111256/tools/bin/../lib/gcc/arm-none-eabi/12.3.1/../../../../arm-none-eabi/lib/thumb/v7-m/nofp\libc_nano.a(libc_a-impure.o)
                              C:/ST/STM32CubeIDE_1.15.1/STM32CubeIDE/plugins/com.st.stm32cube.ide.mcu.externaltools.gnu-tools-for-stm32.12.3.rel1.win32_1.0.100.202403111256/tools/bin/../lib/gcc/arm-none-eabi/12.3.1/../../../../arm-none-eabi/lib/thumb/v7-m/nofp\libc_nano.a(libc_a-reent.o) (_impure_ptr)
C:/ST/STM32CubeIDE_1.15.1/STM32CubeIDE/plugins/com.st.stm32cube.ide.mcu.externaltools.gnu-tools-for-stm32.12.3.rel1.win32_1.0.100.202403111256/tools/bin/../lib/gcc/arm-none-eabi/12.3.1/../../../../arm-none-eabi/lib/thumb/v7-m/nofp\libc_nano.a(libc_a-lseekr.o)
[...]
Memory Configuration

Name             Origin             Length             Attributes
RAM              0x20000000         0x00002800         xrw
FLASH            0x08000000         0x00008000         xr
*default*        0x00000000         0xffffffff

Linker script and memory map

LOAD C:/ST/STM32CubeIDE_1.15.1/STM32CubeIDE/plugins/com.st.stm32cube.ide.mcu.externaltools.gnu-tools-for-stm32.12.3.rel1.win32_1.0.100.202403111256/tools/bin/../lib/gcc/arm-none-eabi/12.3.1/thumb/v7-m/nofp/crti.o
LOAD C:/ST/STM32CubeIDE_1.15.1/STM32CubeIDE/plugins/com.st.stm32cube.ide.mcu.externaltools.gnu-tools-for-stm32.12.3.rel1.win32_1.0.100.202403111256/tools/bin/../lib/gcc/arm-none-eabi/12.3.1/thumb/v7-m/nofp/crtbegin.o
LOAD C:/ST/STM32CubeIDE_1.15.1/STM32CubeIDE/plugins/com.st.stm32cube.ide.mcu.externaltools.gnu-tools-for-stm32.12.3.rel1.win32_1.0.100.202403111256/tools/bin/../lib/gcc/arm-none-eabi/12.3.1/../../../../arm-none-eabi/lib/thumb/v7-m/nofp/crt0.o
LOAD ./Core/Src/SX1278.o
LOAD ./Core/Src/SX1278_hw.o
LOAD ./Core/Src/main.o
LOAD ./Core/Src/stm32f1xx_hal_msp.o
LOAD ./Core/Src/stm32f1xx_it.o
LOAD ./Core/Src/syscalls.o
LOAD ./Core/Src/sysmem.o
LOAD ./Core/Src/system_stm32f1xx.o
LOAD ./Core/Startup/startup_stm32f103c6tx.o
LOAD ./Drivers/STM32F1xx_HAL_Driver/Src/stm32f1xx_hal.o
LOAD ./Drivers/STM32F1xx_HAL_Driver/Src/stm32f1xx_hal_cortex.o
LOAD ./Drivers/STM32F1xx_HAL_Driver/Src/stm32f1xx_hal_dma.o
LOAD ./Drivers/STM32F1xx_HAL_Driver/Src/stm32f1xx_hal_exti.o
LOAD ./Drivers/STM32F1xx_HAL_Driver/Src/stm32f1xx_hal_flash.o
LOAD ./Drivers/STM32F1xx_HAL_Driver/Src/stm32f1xx_hal_flash_ex.o
LOAD ./Drivers/STM32F1xx_HAL_Driver/Src/stm32f1xx_hal_gpio.o
LOAD ./Drivers/STM32F1xx_HAL_Driver/Src/stm32f1xx_hal_gpio_ex.o
LOAD ./Drivers/STM32F1xx_HAL_Driver/Src/stm32f1xx_hal_pwr.o
LOAD ./Drivers/STM32F1xx_HAL_Driver/Src/stm32f1xx_hal_rcc.o
LOAD ./Drivers/STM32F1xx_HAL_Driver/Src/stm32f1xx_hal_rcc_ex.o
LOAD ./Drivers/STM32F1xx_HAL_Driver/Src/stm32f1xx_hal_spi.o
LOAD ./Drivers/STM32F1xx_HAL_Driver/Src/stm32f1xx_hal_tim.o
LOAD ./Drivers/STM32F1xx_HAL_Driver/Src/stm32f1xx_hal_tim_ex.o
LOAD ./Drivers/STM32F1xx_HAL_Driver/Src/stm32f1xx_hal_uart.o
START GROUP
LOAD C:/ST/STM32CubeIDE_1.15.1/STM32CubeIDE/plugins/com.st.stm32cube.ide.mcu.externaltools.gnu-tools-for-stm32.12.3.rel1.win32_1.0.100.202403111256/tools/bin/../lib/gcc/arm-none-eabi/12.3.1/../../../../arm-none-eabi/lib/thumb/v7-m/nofp\libc_nano.a
LOAD C:/ST/STM32CubeIDE_1.15.1/STM32CubeIDE/plugins/com.st.stm32cube.ide.mcu.externaltools.gnu-tools-for-stm32.12.3.rel1.win32_1.0.100.202403111256/tools/bin/../lib/gcc/arm-none-eabi/12.3.1/../../../../arm-none-eabi/lib/thumb/v7-m/nofp\libm.a
END GROUP
START GROUP
LOAD C:/ST/STM32CubeIDE_1.15.1/STM32CubeIDE/plugins/com.st.stm32cube.ide.mcu.externaltools.gnu-tools-for-stm32.12.3.rel1.win32_1.0.100.202403111256/tools/bin/../lib/gcc/arm-none-eabi/12.3.1/thumb/v7-m/nofp\libgcc.a
LOAD C:/ST/STM32CubeIDE_1.15.1/STM32CubeIDE/plugins/com.st.stm32cube.ide.mcu.externaltools.gnu-tools-for-stm32.12.3.rel1.win32_1.0.100.202403111256/tools/bin/../lib/gcc/arm-none-eabi/12.3.1/../../../../arm-none-eabi/lib/thumb/v7-m/nofp\libc_nano.a
END GROUP
START GROUP
LOAD C:/ST/STM32CubeIDE_1.15.1/STM32CubeIDE/plugins/com.st.stm32cube.ide.mcu.externaltools.gnu-tools-for-stm32.12.3.rel1.win32_1.0.100.202403111256/tools/bin/../lib/gcc/arm-none-eabi/12.3.1/thumb/v7-m/nofp\libgcc.a
LOAD C:/ST/STM32CubeIDE_1.15.1/STM32CubeIDE/plugins/com.st.stm32cube.ide.mcu.externaltools.gnu-tools-for-stm32.12.3.rel1.win32_1.0.100.202403111256/tools/bin/../lib/gcc/arm-none-eabi/12.3.1/../../../../arm-none-eabi/lib/thumb/v7-m/nofp\libc_nano.a
LOAD C:/ST/STM32CubeIDE_1.15.1/STM32CubeIDE/plugins/com.st.stm32cube.ide.mcu.externaltools.gnu-tools-for-stm32.12.3.rel1.win32_1.0.100.202403111256/tools/bin/../lib/gcc/arm-none-eabi/12.3.1/../../../../arm-none-eabi/lib/thumb/v7-m/nofp\libnosys.a
END GROUP
START GROUP
LOAD C:/ST/STM32CubeIDE_1.15.1/STM32CubeIDE/plugins/com.st.stm32cube.ide.mcu.externaltools.gnu-tools-for-stm32.12.3.rel1.win32_1.0.100.202403111256/tools/bin/../lib/gcc/arm-none-eabi/12.3.1/thumb/v7-m/nofp\libgcc.a
LOAD C:/ST/STM32CubeIDE_1.15.1/STM32CubeIDE/plugins/com.st.stm32cube.ide.mcu.externaltools.gnu-tools-for-stm32.12.3.rel1.win32_1.0.100.202403111256/tools/bin/../lib/gcc/arm-none-eabi/12.3.1/../../../../arm-none-eabi/lib/thumb/v7-m/nofp\libc_nano.a
LOAD C:/ST/STM32CubeIDE_1.15.1/STM32CubeIDE/plugins/com.st.stm32cube.ide.mcu.externaltools.gnu-tools-for-stm32.12.3.rel1.win32_1.0.100.202403111256/tools/bin/../lib/gcc/arm-none-eabi/12.3.1/../../../../arm-none-eabi/lib/thumb/v7-m/nofp\libnosys.a
END GROUP
LOAD C:/ST/STM32CubeIDE_1.15.1/STM32CubeIDE/plugins/com.st.stm32cube.ide.mcu.externaltools.gnu-tools-for-stm32.12.3.rel1.win32_1.0.100.202403111256/tools/bin/../lib/gcc/arm-none-eabi/12.3.1/thumb/v7-m/nofp/crtend.o
LOAD C:/ST/STM32CubeIDE_1.15.1/STM32CubeIDE/plugins/com.st.stm32cube.ide.mcu.externaltools.gnu-tools-for-stm32.12.3.rel1.win32_1.0.100.202403111256/tools/bin/../lib/gcc/arm-none-eabi/12.3.1/thumb/v7-m/nofp/crtn.o
                0x20002800                        _estack = (ORIGIN (RAM) + LENGTH (RAM))
                0x00000200                        _Min_Heap_Size = 0x200
                0x00000400                        _Min_Stack_Size = 0x400

.isr_vector     0x08000000      0x10c
                0x08000000                        . = ALIGN (0x4)
 *(.isr_vector)
 .isr_vector    0x08000000      0x10c ./Core/Startup/startup_stm32f103c6tx.o
                0x08000000                g_pfnVectors
                0x0800010c                        . = ALIGN (0x4)

.text           0x08000110     0x3240
                0x08000110                        . = ALIGN (0x4)
 *(.text)
 .text          0x08000110       0x40 C:/ST/STM32CubeIDE_1.15.1/STM32CubeIDE/plugins/com.st.stm32cube.ide.mcu.externaltools.gnu-tools-for-stm32.12.3.rel1.win32_1.0.100.202403111256/tools/bin/../lib/gcc/arm-none-eabi/12.3.1/thumb/v7-m/nofp/crtbegin.o
 .text          0x08000150       0x30 C:/ST/STM32CubeIDE_1.15.1/STM32CubeIDE/plugins/com.st.stm32cube.ide.mcu.externaltools.gnu-tools-for-stm32.12.3.rel1.win32_1.0.100.202403111256/tools/bin/../lib/gcc/arm-none-eabi/12.3.1/thumb/v7-m/nofp\libgcc.a(_aeabi_uldivmod.o)
                0x08000150                __aeabi_uldivmod
 .text          0x08000180      0x2b8 C:/ST/STM32CubeIDE_1.15.1/STM32CubeIDE/plugins/com.st.stm32cube.ide.mcu.externaltools.gnu-tools-for-stm32.12.3.rel1.win32_1.0.100.202403111256/tools/bin/../lib/gcc/arm-none-eabi/12.3.1/thumb/v7-m/nofp\libgcc.a(_udivmoddi4.o)
                0x08000180                __udivmoddi4
 .text          0x08000438        0x4 C:/ST/STM32CubeIDE_1.15.1/STM32CubeIDE/plugins/com.st.stm32cube.ide.mcu.externaltools.gnu-tools-for-stm32.12.3.rel1.win32_1.0.100.202403111256/tools/bin/../lib/gcc/arm-none-eabi/12.3.1/thumb/v7-m/nofp\libgcc.a(_dvmd_tls.o)
                0x08000438                __aeabi_idiv0
                0x08000438                __aeabi_ldiv0
 *(.text*)
 .text.SX1278_SPIRead
                0x0800043c       0x3e ./Core/Src/SX1278.o
                0x0800043c                SX1278_SPIRead
 .text.SX1278_SPIWrite
                0x0800047a       0x52 ./Core/Src/SX1278.o
                0x0800047a                SX1278_SPIWrite
 .text.SX1278_SPIBurstWrite
                0x080004cc       0x76 ./Core/Src/SX1278.o
                0x080004cc                SX1278_SPIBurstWrite
 *fill*         0x08000542        0x2 
 .text.SX1278_config
                0x08000544      0x208 ./Core/Src/SX1278.o
                0x08000544                SX1278_config
 .text.SX1278_standby
                0x0800074c       0x20 ./Core/Src/SX1278.o
                0x0800074c                SX1278_standby
 .text.SX1278_sleep
                0x0800076c       0x20 ./Core/Src/SX1278.o
                0x0800076c                SX1278_sleep
 .text.SX1278_entryLoRa
                0x0800078c       0x1a ./Core/Src/SX1278.o
                0x0800078c                SX1278_entryLoRa
 .text.SX1278_clearLoRaIrq
                0x080007a6       0x1a ./Core/Src/SX1278.o
                0x080007a6                SX1278_clearLoRaIrq
 .text.SX1278_LoRaEntryTx
                0x080007c0       0xb0 ./Core/Src/SX1278.o
                0x080007c0                SX1278_LoRaEntryTx
 .text.SX1278_init
                0x08000870       0x5a ./Core/Src/SX1278.o
                0x08000870                SX1278_init
 .text.SX1278_hw_init
                0x080008ca       0x2a ./Core/Src/SX1278_hw.o
                0x080008ca                SX1278_hw_init
 .text.SX1278_hw_SetNSS
                0x080008f4       0x2e ./Core/Src/SX1278_hw.o
                0x080008f4                SX1278_hw_SetNSS
 .text.SX1278_hw_Reset
                0x08000922       0x48 ./Core/Src/SX1278_hw.o
                0x08000922                SX1278_hw_Reset
 .text.SX1278_hw_SPICommand
                0x0800096a       0x40 ./Core/Src/SX1278_hw.o
                0x0800096a                SX1278_hw_SPICommand
 .text.SX1278_hw_SPIReadByte
                0x080009aa       0x4c ./Core/Src/SX1278_hw.o
                0x080009aa                SX1278_hw_SPIReadByte
 .text.SX1278_hw_DelayMs
                0x080009f6       0x16 ./Core/Src/SX1278_hw.o
                0x080009f6                SX1278_hw_DelayMs
 *fill*         0x08000a0c        0x4 
 .text.main     0x08000a10      0x114 ./Core/Src/main.o
                0x08000a10                main
 .text.SystemClock_Config
                0x08000b24       0x76 ./Core/Src/main.o
                0x08000b24                SystemClock_Config
 *fill*         0x08000b9a        0x2 
 .text.MX_SPI1_Init
                0x08000b9c       0x6c ./Core/Src/main.o
 .text.MX_USART1_UART_Init
                0x08000c08       0x54 ./Core/Src/main.o
 .text.MX_GPIO_Init
                0x08000c5c      0x11c ./Core/Src/main.o
 .text.Error_Handler
                0x08000d78        0xc ./Core/Src/main.o
                0x08000d78                Error_Handler
 .text.HAL_MspInit
                0x08000d84       0x64 ./Core/Src/stm32f1xx_hal_msp.o
                0x08000d84                HAL_MspInit
 .text.HAL_SPI_MspInit
                0x08000de8       0x94 ./Core/Src/stm32f1xx_hal_msp.o
                0x08000de8                HAL_SPI_MspInit
 .text.HAL_UART_MspInit
                0x08000e7c       0xa8 ./Core/Src/stm32f1xx_hal_msp.o
                0x08000e7c                HAL_UART_MspInit
 .text.NMI_Handler
                0x08000f24        0x8 ./Core/Src/stm32f1xx_it.o
                0x08000f24                NMI_Handler
 .text.HardFault_Handler
                0x08000f2c        0x8 ./Core/Src/stm32f1xx_it.o
                0x08000f2c                HardFault_Handler
 .text.MemManage_Handler
                0x08000f34        0x8 ./Core/Src/stm32f1xx_it.o
                0x08000f34                MemManage_Handler
 .text.BusFault_Handler
                0x08000f3c        0x8 ./Core/Src/stm32f1xx_it.o
                0x08000f3c                BusFault_Handler
 .text.UsageFault_Handler
                0x08000f44        0x8 ./Core/Src/stm32f1xx_it.o
                0x08000f44                UsageFault_Handler
 .text.SVC_Handler
                0x08000f4c        0xc ./Core/Src/stm32f1xx_it.o
                0x08000f4c                SVC_Handler
 .text.DebugMon_Handler
                0x08000f58        0xc ./Core/Src/stm32f1xx_it.o
                0x08000f58                DebugMon_Handler
 .text.PendSV_Handler
                0x08000f64        0xc ./Core/Src/stm32f1xx_it.o
                0x08000f64                PendSV_Handler
 .text.SysTick_Handler
                0x08000f70        0xc ./Core/Src/stm32f1xx_it.o
                0x08000f70                SysTick_Handler
 .text.USART1_IRQHandler
                0x08000f7c       0x14 ./Core/Src/stm32f1xx_it.o
                0x08000f7c                USART1_IRQHandler
 .text.SystemInit
                0x08000f90        0xc ./Core/Src/system_stm32f1xx.o
                0x08000f90                SystemInit
 .text.Reset_Handler
                0x08000f9c       0x48 ./Core/Startup/startup_stm32f103c6tx.o
                0x08000f9c                Reset_Handler
 .text.Default_Handler
                0x08000fe4        0x2 ./Core/Startup/startup_stm32f103c6tx.o
                0x08000fe4                RTC_Alarm_IRQHandler
                0x08000fe4                EXTI2_IRQHandler
                0x08000fe4                TIM1_CC_IRQHandler
                0x08000fe4                PVD_IRQHandler
                0x08000fe4                EXTI3_IRQHandler
                0x08000fe4                EXTI0_IRQHandler
                0x08000fe4                ADC1_2_IRQHandler
                0x08000fe4                SPI1_IRQHandler
                0x08000fe4                TAMPER_IRQHandler
                0x08000fe4                DMA1_Channel4_IRQHandler
                0x08000fe4                RTC_IRQHandler
                0x08000fe4                DMA1_Channel7_IRQHandler
                0x08000fe4                CAN1_RX1_IRQHandler
                0x08000fe4                I2C1_EV_IRQHandler
                0x08000fe4                DMA1_Channel6_IRQHandler
                0x08000fe4                TIM3_IRQHandler
                0x08000fe4                RCC_IRQHandler
                0x08000fe4                TIM1_TRG_COM_IRQHandler
                0x08000fe4                DMA1_Channel1_IRQHandler
                0x08000fe4                Default_Handler
                0x08000fe4                EXTI15_10_IRQHandler
                0x08000fe4                EXTI9_5_IRQHandler
                0x08000fe4                DMA1_Channel5_IRQHandler
                0x08000fe4                EXTI4_IRQHandler
                0x08000fe4                USB_LP_CAN1_RX0_IRQHandler
                0x08000fe4                USB_HP_CAN1_TX_IRQHandler
                0x08000fe4                DMA1_Channel3_IRQHandler
                0x08000fe4                TIM1_UP_IRQHandler
                0x08000fe4                WWDG_IRQHandler
                0x08000fe4                TIM2_IRQHandler
                0x08000fe4                TIM1_BRK_IRQHandler
                0x08000fe4                EXTI1_IRQHandler
                0x08000fe4                USART2_IRQHandler
                0x08000fe4                DMA1_Channel2_IRQHandler
                0x08000fe4                CAN1_SCE_IRQHandler
                0x08000fe4                FLASH_IRQHandler
                0x08000fe4                I2C1_ER_IRQHandler
                0x08000fe4                USBWakeUp_IRQHandler
 *fill*         0x08000fe6        0x2 
 .text.HAL_Init
                0x08000fe8       0x2c ./Drivers/STM32F1xx_HAL_Driver/Src/stm32f1xx_hal.o
                0x08000fe8                HAL_Init
 .text.HAL_InitTick
                0x08001014       0x60 ./Drivers/STM32F1xx_HAL_Driver/Src/stm32f1xx_hal.o
                0x08001014                HAL_InitTick
 .text.HAL_IncTick
                0x08001074       0x24 ./Drivers/STM32F1xx_HAL_Driver/Src/stm32f1xx_hal.o
                0x08001074                HAL_IncTick
 .text.HAL_GetTick
                0x08001098       0x14 ./Drivers/STM32F1xx_HAL_Driver/Src/stm32f1xx_hal.o
                0x08001098                HAL_GetTick
 .text.HAL_Delay
                0x080010ac       0x48 ./Drivers/STM32F1xx_HAL_Driver/Src/stm32f1xx_hal.o
                0x080010ac                HAL_Delay
 .text.__NVIC_SetPriorityGrouping
                0x080010f4       0x48 ./Drivers/STM32F1xx_HAL_Driver/Src/stm32f1xx_hal_cortex.o
 .text.__NVIC_GetPriorityGrouping
                0x0800113c       0x1c ./Drivers/STM32F1xx_HAL_Driver/Src/stm32f1xx_hal_cortex.o
 .text.__NVIC_EnableIRQ
                0x08001158       0x38 ./Drivers/STM32F1xx_HAL_Driver/Src/stm32f1xx_hal_cortex.o
 .text.__NVIC_SetPriority
                0x08001190       0x54 ./Drivers/STM32F1xx_HAL_Driver/Src/stm32f1xx_hal_cortex.o
 .text.NVIC_EncodePriority
                0x080011e4       0x64 ./Drivers/STM32F1xx_HAL_Driver/Src/stm32f1xx_hal_cortex.o
 .text.SysTick_Config
                0x08001248       0x44 ./Drivers/STM32F1xx_HAL_Driver/Src/stm32f1xx_hal_cortex.o
 .text.HAL_NVIC_SetPriorityGrouping
                0x0800128c       0x16 ./Drivers/STM32F1xx_HAL_Driver/Src/stm32f1xx_hal_cortex.o
                0x0800128c                HAL_NVIC_SetPriorityGrouping
 .text.HAL_NVIC_SetPriority
                0x080012a2       0x38 ./Drivers/STM32F1xx_HAL_Driver/Src/stm32f1xx_hal_cortex.o
                0x080012a2                HAL_NVIC_SetPriority
 .text.HAL_NVIC_EnableIRQ
                0x080012da       0x1c ./Drivers/STM32F1xx_HAL_Driver/Src/stm32f1xx_hal_cortex.o
                0x080012da                HAL_NVIC_EnableIRQ
 .text.HAL_SYSTICK_Config
                0x080012f6       0x18 ./Drivers/STM32F1xx_HAL_Driver/Src/stm32f1xx_hal_cortex.o
                0x080012f6                HAL_SYSTICK_Config
 .text.HAL_DMA_Abort
                0x0800130e       0x76 ./Drivers/STM32F1xx_HAL_Driver/Src/stm32f1xx_hal_dma.o
                0x0800130e                HAL_DMA_Abort
 .text.HAL_DMA_Abort_IT
                0x08001384       0xf0 ./Drivers/STM32F1xx_HAL_Driver/Src/stm32f1xx_hal_dma.o
                0x08001384                HAL_DMA_Abort_IT
 .text.HAL_GPIO_Init
                0x08001474      0x2f8 ./Drivers/STM32F1xx_HAL_Driver/Src/stm32f1xx_hal_gpio.o
                0x08001474                HAL_GPIO_Init
 .text.HAL_GPIO_WritePin
                0x0800176c       0x30 ./Drivers/STM32F1xx_HAL_Driver/Src/stm32f1xx_hal_gpio.o
                0x0800176c                HAL_GPIO_WritePin
 .text.HAL_RCC_OscConfig
                0x0800179c      0x504 ./Drivers/STM32F1xx_HAL_Driver/Src/stm32f1xx_hal_rcc.o
                0x0800179c                HAL_RCC_OscConfig
 .text.HAL_RCC_ClockConfig
                0x08001ca0      0x1d4 ./Drivers/STM32F1xx_HAL_Driver/Src/stm32f1xx_hal_rcc.o
                0x08001ca0                HAL_RCC_ClockConfig
 .text.HAL_RCC_GetSysClockFreq
                0x08001e74       0xa8 ./Drivers/STM32F1xx_HAL_Driver/Src/stm32f1xx_hal_rcc.o
                0x08001e74                HAL_RCC_GetSysClockFreq
 .text.HAL_RCC_GetHCLKFreq
                0x08001f1c       0x14 ./Drivers/STM32F1xx_HAL_Driver/Src/stm32f1xx_hal_rcc.o
                0x08001f1c                HAL_RCC_GetHCLKFreq
 .text.HAL_RCC_GetPCLK1Freq
                0x08001f30       0x28 ./Drivers/STM32F1xx_HAL_Driver/Src/stm32f1xx_hal_rcc.o
                0x08001f30                HAL_RCC_GetPCLK1Freq
 .text.HAL_RCC_GetPCLK2Freq
                0x08001f58       0x28 ./Drivers/STM32F1xx_HAL_Driver/Src/stm32f1xx_hal_rcc.o
                0x08001f58                HAL_RCC_GetPCLK2Freq
 .text.RCC_Delay
                0x08001f80       0x3c ./Drivers/STM32F1xx_HAL_Driver/Src/stm32f1xx_hal_rcc.o
 .text.HAL_SPI_Init
                0x08001fbc      0x108 ./Drivers/STM32F1xx_HAL_Driver/Src/stm32f1xx_hal_spi.o
                0x08001fbc                HAL_SPI_Init
 .text.HAL_SPI_Transmit
                0x080020c4      0x286 ./Drivers/STM32F1xx_HAL_Driver/Src/stm32f1xx_hal_spi.o
                0x080020c4                HAL_SPI_Transmit
 .text.HAL_SPI_TransmitReceive
                0x0800234a      0x360 ./Drivers/STM32F1xx_HAL_Driver/Src/stm32f1xx_hal_spi.o
                0x0800234a                HAL_SPI_TransmitReceive
 .text.HAL_SPI_GetState
                0x080026aa       0x1a ./Drivers/STM32F1xx_HAL_Driver/Src/stm32f1xx_hal_spi.o
                0x080026aa                HAL_SPI_GetState
 .text.SPI_WaitFlagStateUntilTimeout
                0x080026c4      0x110 ./Drivers/STM32F1xx_HAL_Driver/Src/stm32f1xx_hal_spi.o
 .text.SPI_EndRxTxTransaction
                0x080027d4       0x3c ./Drivers/STM32F1xx_HAL_Driver/Src/stm32f1xx_hal_spi.o
 .text.HAL_UART_Init
                0x08002810       0xa0 ./Drivers/STM32F1xx_HAL_Driver/Src/stm32f1xx_hal_uart.o
                0x08002810                HAL_UART_Init
 .text.HAL_UART_Transmit_IT
                0x080028b0       0x6a ./Drivers/STM32F1xx_HAL_Driver/Src/stm32f1xx_hal_uart.o
                0x080028b0                HAL_UART_Transmit_IT
 *fill*         0x0800291a        0x2 
 .text.HAL_UART_IRQHandler
                0x0800291c      0x524 ./Drivers/STM32F1xx_HAL_Driver/Src/stm32f1xx_hal_uart.o
                0x0800291c                HAL_UART_IRQHandler
 .text.HAL_UART_TxCpltCallback
                0x08002e40       0x12 ./Drivers/STM32F1xx_HAL_Driver/Src/stm32f1xx_hal_uart.o
                0x08002e40                HAL_UART_TxCpltCallback
 .text.HAL_UART_RxCpltCallback
                0x08002e52       0x12 ./Drivers/STM32F1xx_HAL_Driver/Src/stm32f1xx_hal_uart.o
                0x08002e52                HAL_UART_RxCpltCallback
 .text.HAL_UART_ErrorCallback
                0x08002e64       0x12 ./Drivers/STM32F1xx_HAL_Driver/Src/stm32f1xx_hal_uart.o
                0x08002e64                HAL_UART_ErrorCallback
 .text.HAL_UARTEx_RxEventCallback
                0x08002e76       0x16 ./Drivers/STM32F1xx_HAL_Driver/Src/stm32f1xx_hal_uart.o
                0x08002e76                HAL_UARTEx_RxEventCallback
 .text.UART_EndRxTransfer
                0x08002e8c       0xc4 ./Drivers/STM32F1xx_HAL_Driver/Src/stm32f1xx_hal_uart.o
 .text.UART_DMAAbortOnError
                0x08002f50       0x28 ./Drivers/STM32F1xx_HAL_Driver/Src/stm32f1xx_hal_uart.o
 .text.UART_Transmit_IT
                0x08002f78       0x9e ./Drivers/STM32F1xx_HAL_Driver/Src/stm32f1xx_hal_uart.o
 .text.UART_EndTransmit_IT
                0x08003016       0x30 ./Drivers/STM32F1xx_HAL_Driver/Src/stm32f1xx_hal_uart.o
 .text.UART_Receive_IT
                0x08003046      0x17c ./Drivers/STM32F1xx_HAL_Driver/Src/stm32f1xx_hal_uart.o
 *fill*         0x080031c2        0x2 
 .text.UART_SetConfig
                0x080031c4      0x11c ./Drivers/STM32F1xx_HAL_Driver/Src/stm32f1xx_hal_uart.o
 .text.memset   0x080032e0       0x10 C:/ST/STM32CubeIDE_1.15.1/STM32CubeIDE/plugins/com.st.stm32cube.ide.mcu.externaltools.gnu-tools-for-stm32.12.3.rel1.win32_1.0.100.202403111256/tools/bin/../lib/gcc/arm-none-eabi/12.3.1/../../../../arm-none-eabi/lib/thumb/v7-m/nofp\libc_nano.a(libc_a-memset.o)
                0x080032e0                memset
 .text.__libc_init_array
                0x080032f0       0x48 C:/ST/STM32CubeIDE_1.15.1/STM32CubeIDE/plugins/com.st.stm32cube.ide.mcu.externaltools.gnu-tools-for-stm32.12.3.rel1.win32_1.0.100.202403111256/tools/bin/../lib/gcc/arm-none-eabi/12.3.1/../../../../arm-none-eabi/lib/thumb/v7-m/nofp\libc_nano.a(libc_a-init.o)
                0x080032f0                __libc_init_array
 *(.glue_7)
 .glue_7        0x08003338        0x0 linker stubs
 *(.glue_7t)
 .glue_7t       0x08003338        0x0 linker stubs
 *(.eh_frame)
 .eh_frame      0x08003338        0x0 C:/ST/STM32CubeIDE_1.15.1/STM32CubeIDE/plugins/com.st.stm32cube.ide.mcu.externaltools.gnu-tools-for-stm32.12.3.rel1.win32_1.0.100.202403111256/tools/bin/../lib/gcc/arm-none-eabi/12.3.1/thumb/v7-m/nofp/crtbegin.o
 *(.init)
 .init          0x08003338        0x4 C:/ST/STM32CubeIDE_1.15.1/STM32CubeIDE/plugins/com.st.stm32cube.ide.mcu.externaltools.gnu-tools-for-stm32.12.3.rel1.win32_1.0.100.202403111256/tools/bin/../lib/gcc/arm-none-eabi/12.3.1/thumb/v7-m/nofp/crti.o
                0x08003338                _init
 .init          0x0800333c        0x8 C:/ST/STM32CubeIDE_1.15.1/STM32CubeIDE/plugins/com.st.stm32cube.ide.mcu.externaltools.gnu-tools-for-stm32.12.3.rel1.win32_1.0.100.202403111256/tools/bin/../lib/gcc/arm-none-eabi/12.3.1/thumb/v7-m/nofp/crtn.o
 *(.fini)
 .fini          0x08003344        0x4 C:/ST/STM32CubeIDE_1.15.1/STM32CubeIDE/plugins/com.st.stm32cube.ide.mcu.externaltools.gnu-tools-for-stm32.12.3.rel1.win32_1.0.100.202403111256/tools/bin/../lib/gcc/arm-none-eabi/12.3.1/thumb/v7-m/nofp/crti.o
                0x08003344                _fini
 .fini          0x08003348        0x8 C:/ST/STM32CubeIDE_1.15.1/STM32CubeIDE/plugins/com.st.stm32cube.ide.mcu.externaltools.gnu-tools-for-stm32.12.3.rel1.win32_1.0.100.202403111256/tools/bin/../lib/gcc/arm-none-eabi/12.3.1/thumb/v7-m/nofp/crtn.o
                0x08003350                        . = ALIGN (0x4)
                0x08003350                        _etext = .

.vfp11_veneer   0x08003350        0x0
 .vfp11_veneer  0x08003350        0x0 linker stubs

.v4_bx          0x08003350        0x0
 .v4_bx         0x08003350        0x0 linker stubs

.iplt           0x08003350        0x0
 .iplt          0x08003350        0x0 C:/ST/STM32CubeIDE_1.15.1/STM32CubeIDE/plugins/com.st.stm32cube.ide.mcu.externaltools.gnu-tools-for-stm32.12.3.rel1.win32_1.0.100.202403111256/tools/bin/../lib/gcc/arm-none-eabi/12.3.1/thumb/v7-m/nofp/crtbegin.o

.rodata         0x08003350       0x4c
                0x08003350                        . = ALIGN (0x4)
 *(.rodata)
 *(.rodata*)
 .rodata.SX1278_Power
                0x08003350        0x4 ./Core/Src/SX1278.o
 .rodata.SX1278_SpreadFactor
                0x08003354        0x7 ./Core/Src/SX1278.o
 *fill*         0x0800335b        0x1 
 .rodata.SX1278_LoRaBandwidth
                0x0800335c        0xa ./Core/Src/SX1278.o
 *fill*         0x08003366        0x2 
 .rodata.SX1278_CodingRate
                0x08003368        0x4 ./Core/Src/SX1278.o
 .rodata.SX1278_CRC_Sum
                0x0800336c        0x2 ./Core/Src/SX1278.o
 *fill*         0x0800336e        0x2 
 .rodata.AHBPrescTable
                0x08003370       0x10 ./Core/Src/system_stm32f1xx.o
                0x08003370                AHBPrescTable
 .rodata.APBPrescTable
                0x08003380        0x8 ./Core/Src/system_stm32f1xx.o
                0x08003380                APBPrescTable
 .rodata.aPLLMULFactorTable.1
                0x08003388       0x10 ./Drivers/STM32F1xx_HAL_Driver/Src/stm32f1xx_hal_rcc.o
 .rodata.aPredivFactorTable.0
                0x08003398        0x2 ./Drivers/STM32F1xx_HAL_Driver/Src/stm32f1xx_hal_rcc.o
                0x0800339c                        . = ALIGN (0x4)
 *fill*         0x0800339a        0x2 

.ARM.extab      0x0800339c        0x0
                0x0800339c                        . = ALIGN (0x4)
 *(.ARM.extab* .gnu.linkonce.armextab.*)
                0x0800339c                        . = ALIGN (0x4)

.ARM            0x0800339c        0x8
                0x0800339c                        . = ALIGN (0x4)
                0x0800339c                        __exidx_start = .
 *(.ARM.exidx*)
 .ARM.exidx     0x0800339c        0x8 C:/ST/STM32CubeIDE_1.15.1/STM32CubeIDE/plugins/com.st.stm32cube.ide.mcu.externaltools.gnu-tools-for-stm32.12.3.rel1.win32_1.0.100.202403111256/tools/bin/../lib/gcc/arm-none-eabi/12.3.1/thumb/v7-m/nofp\libgcc.a(_udivmoddi4.o)
                0x080033a4                        __exidx_end = .
                0x080033a4                        . = ALIGN (0x4)

.preinit_array  0x080033a4        0x0
                0x080033a4                        . = ALIGN (0x4)
                0x080033a4                        PROVIDE (__preinit_array_start = .)
 *(.preinit_array*)
                0x080033a4                        PROVIDE (__preinit_array_end = .)
                0x080033a4                        . = ALIGN (0x4)

.init_array     0x080033a4        0x4
                0x080033a4                        . = ALIGN (0x4)
                0x080033a4                        PROVIDE (__init_array_start = .)
 *(SORT_BY_NAME(.init_array.*))
 *(.init_array*)
 .init_array    0x080033a4        0x4 C:/ST/STM32CubeIDE_1.15.1/STM32CubeIDE/plugins/com.st.stm32cube.ide.mcu.externaltools.gnu-tools-for-stm32.12.3.rel1.win32_1.0.100.202403111256/tools/bin/../lib/gcc/arm-none-eabi/12.3.1/thumb/v7-m/nofp/crtbegin.o
                0x080033a8                        PROVIDE (__init_array_end = .)
                0x080033a8                        . = ALIGN (0x4)

.fini_array     0x080033a8        0x4
                0x080033a8                        . = ALIGN (0x4)
                [!provide]                        PROVIDE (__fini_array_start = .)
 *(SORT_BY_NAME(.fini_array.*))
 *(.fini_array*)
 .fini_array    0x080033a8        0x4 C:/ST/STM32CubeIDE_1.15.1/STM32CubeIDE/plugins/com.st.stm32cube.ide.mcu.externaltools.gnu-tools-for-stm32.12.3.rel1.win32_1.0.100.202403111256/tools/bin/../lib/gcc/arm-none-eabi/12.3.1/thumb/v7-m/nofp/crtbegin.o
                [!provide]                        PROVIDE (__fini_array_end = .)
                0x080033ac                        . = ALIGN (0x4)
                0x080033ac                        _sidata = LOADADDR (.data)

.rel.dyn        0x080033ac        0x0
 .rel.iplt      0x080033ac        0x0 C:/ST/STM32CubeIDE_1.15.1/STM32CubeIDE/plugins/com.st.stm32cube.ide.mcu.externaltools.gnu-tools-for-stm32.12.3.rel1.win32_1.0.100.202403111256/tools/bin/../lib/gcc/arm-none-eabi/12.3.1/thumb/v7-m/nofp/crtbegin.o

.data           0x20000000        0xc load address 0x080033ac
                0x20000000                        . = ALIGN (0x4)
                0x20000000                        _sdata = .
 *(.data)
 *(.data*)
 .data.SystemCoreClock
                0x20000000        0x4 ./Core/Src/system_stm32f1xx.o
                0x20000000                SystemCoreClock
 .data.uwTickPrio
                0x20000004        0x4 ./Drivers/STM32F1xx_HAL_Driver/Src/stm32f1xx_hal.o
                0x20000004                uwTickPrio
 .data.uwTickFreq
                0x20000008        0x1 ./Drivers/STM32F1xx_HAL_Driver/Src/stm32f1xx_hal.o
                0x20000008                uwTickFreq
 *(.RamFunc)
 *(.RamFunc*)
                0x2000000c                        . = ALIGN (0x4)
 *fill*         0x20000009        0x3 
                0x2000000c                        _edata = .

.igot.plt       0x2000000c        0x0 load address 0x080033b8
 .igot.plt      0x2000000c        0x0 C:/ST/STM32CubeIDE_1.15.1/STM32CubeIDE/plugins/com.st.stm32cube.ide.mcu.externaltools.gnu-tools-for-stm32.12.3.rel1.win32_1.0.100.202403111256/tools/bin/../lib/gcc/arm-none-eabi/12.3.1/thumb/v7-m/nofp/crtbegin.o
                0x2000000c                        . = ALIGN (0x4)

.bss            0x20000010      0x3f8 load address 0x080033b8
                0x20000010                        _sbss = .
                0x20000010                        __bss_start__ = _sbss
 *(.bss)
 .bss           0x20000010       0x1c C:/ST/STM32CubeIDE_1.15.1/STM32CubeIDE/plugins/com.st.stm32cube.ide.mcu.externaltools.gnu-tools-for-stm32.12.3.rel1.win32_1.0.100.202403111256/tools/bin/../lib/gcc/arm-none-eabi/12.3.1/thumb/v7-m/nofp/crtbegin.o
 *(.bss*)
 .bss.hspi1     0x2000002c       0x58 ./Core/Src/main.o
                0x2000002c                hspi1
 .bss.huart1    0x20000084       0x48 ./Core/Src/main.o
                0x20000084                huart1
 .bss.SX1278_hw
                0x200000cc       0x1c ./Core/Src/main.o
                0x200000cc                SX1278_hw
 .bss.SX1278    0x200000e8      0x118 ./Core/Src/main.o
                0x200000e8                SX1278
 .bss.ret       0x20000200        0x4 ./Core/Src/main.o
                0x20000200                ret
 .bss.transmit_buffer
                0x20000204      0x200 ./Core/Src/main.o
                0x20000204                transmit_buffer
 .bss.uwTick    0x20000404        0x4 ./Drivers/STM32F1xx_HAL_Driver/Src/stm32f1xx_hal.o
                0x20000404                uwTick
 *(COMMON)
                0x20000408                        . = ALIGN (0x4)
                0x20000408                        _ebss = .
                0x20000408                        __bss_end__ = _ebss

._user_heap_stack
                0x20000408      0x600 load address 0x080033b8
                0x20000408                        . = ALIGN (0x8)
                [!provide]                        PROVIDE (end = .)
                0x20000408                        PROVIDE (_end = .)
                0x20000608                        . = (. + _Min_Heap_Size)
 *fill*         0x20000408      0x200 
                0x20000a08                        . = (. + _Min_Stack_Size)
 *fill*         0x20000608      0x400 
                0x20000a08                        . = ALIGN (0x8)

/DISCARD/
 libc.a(*)
 libm.a(*)
 libgcc.a(*)

.ARM.attributes
                0x00000000       0x29
 *(.ARM.attributes)
 .ARM.attributes
                0x00000000       0x1d C:/ST/STM32CubeIDE_1.15.1/STM32CubeIDE/plugins/com.st.stm32cube.ide.mcu.externaltools.gnu-tools-for-stm32.12.3.rel1.win32_1.0.100.202403111256/tools/bin/../lib/gcc/arm-none-eabi/12.3.1/thumb/v7-m/nofp/crti.o
 .ARM.attributes
                0x0000001d       0x2d C:/ST/STM32CubeIDE_1.15.1/STM32CubeIDE/plugins/com.st.stm32cube.ide.mcu.externaltools.gnu-tools-for-stm32.12.3.rel1.win32_1.0.100.202403111256/tools/bin/../lib/gcc/arm-none-eabi/12.3.1/thumb/v7-m/nofp/crtbegin.o
 .ARM.attributes
                0x0000004a       0x2d ./Core/Src/SX1278.o
 .ARM.attributes
                0x00000077       0x2d ./Core/Src/SX1278_hw.o
 .ARM.attributes
                0x000000a4       0x2d ./Core/Src/main.o
 .ARM.attributes
                0x000000d1       0x2d ./Core/Src/stm32f1xx_hal_msp.o
 .ARM.attributes
                0x000000fe       0x2d ./Core/Src/stm32f1xx_it.o
 .ARM.attributes
                0x0000012b       0x2d ./Core/Src/system_stm32f1xx.o
 .ARM.attributes
                0x00000158       0x21 ./Core/Startup/startup_stm32f103c6tx.o
 .ARM.attributes
                0x00000179       0x2d ./Drivers/STM32F1xx_HAL_Driver/Src/stm32f1xx_hal.o
 .ARM.attributes
                0x000001a6       0x2d ./Drivers/STM32F1xx_HAL_Driver/Src/stm32f1xx_hal_cortex.o
 .ARM.attributes
                0x000001d3       0x2d ./Drivers/STM32F1xx_HAL_Driver/Src/stm32f1xx_hal_dma.o
 .ARM.attributes
                0x00000200       0x2d ./Drivers/STM32F1xx_HAL_Driver/Src/stm32f1xx_hal_gpio.o
 .ARM.attributes
                0x0000022d       0x2d ./Drivers/STM32F1xx_HAL_Driver/Src/stm32f1xx_hal_rcc.o
 .ARM.attributes
                0x0000025a       0x2d ./Drivers/STM32F1xx_HAL_Driver/Src/stm32f1xx_hal_spi.o
 .ARM.attributes
                0x00000287       0x2d ./Drivers/STM32F1xx_HAL_Driver/Src/stm32f1xx_hal_uart.o
 .ARM.attributes
                0x000002b4       0x2d C:/ST/STM32CubeIDE_1.15.1/STM32CubeIDE/plugins/com.st.stm32cube.ide.mcu.externaltools.gnu-tools-for-stm32.12.3.rel1.win32_1.0.100.202403111256/tools/bin/../lib/gcc/arm-none-eabi/12.3.1/../../../../arm-none-eabi/lib/thumb/v7-m/nofp\libc_nano.a(libc_a-memset.o)
 .ARM.attributes
                0x000002e1       0x2d C:/ST/STM32CubeIDE_1.15.1/STM32CubeIDE/plugins/com.st.stm32cube.ide.mcu.externaltools.gnu-tools-for-stm32.12.3.rel1.win32_1.0.100.202403111256/tools/bin/../lib/gcc/arm-none-eabi/12.3.1/../../../../arm-none-eabi/lib/thumb/v7-m/nofp\libc_nano.a(libc_a-init.o)
 .ARM.attributes
                0x0000030e       0x1d C:/ST/STM32CubeIDE_1.15.1/STM32CubeIDE/plugins/com.st.stm32cube.ide.mcu.externaltools.gnu-tools-for-stm32.12.3.rel1.win32_1.0.100.202403111256/tools/bin/../lib/gcc/arm-none-eabi/12.3.1/thumb/v7-m/nofp\libgcc.a(_aeabi_uldivmod.o)
 .ARM.attributes
                0x0000032b       0x2d C:/ST/STM32CubeIDE_1.15.1/STM32CubeIDE/plugins/com.st.stm32cube.ide.mcu.externaltools.gnu-tools-for-stm32.12.3.rel1.win32_1.0.100.202403111256/tools/bin/../lib/gcc/arm-none-eabi/12.3.1/thumb/v7-m/nofp\libgcc.a(_udivmoddi4.o)
 .ARM.attributes
                0x00000358       0x1d C:/ST/STM32CubeIDE_1.15.1/STM32CubeIDE/plugins/com.st.stm32cube.ide.mcu.externaltools.gnu-tools-for-stm32.12.3.rel1.win32_1.0.100.202403111256/tools/bin/../lib/gcc/arm-none-eabi/12.3.1/thumb/v7-m/nofp\libgcc.a(_dvmd_tls.o)
 .ARM.attributes
                0x00000375       0x1d C:/ST/STM32CubeIDE_1.15.1/STM32CubeIDE/plugins/com.st.stm32cube.ide.mcu.externaltools.gnu-tools-for-stm32.12.3.rel1.win32_1.0.100.202403111256/tools/bin/../lib/gcc/arm-none-eabi/12.3.1/thumb/v7-m/nofp/crtn.o
OUTPUT(receiver.elf elf32-littlearm)
LOAD linker stubs
LOAD C:/ST/STM32CubeIDE_1.15.1/STM32CubeIDE/plugins/com.st.stm32cube.ide.mcu.externaltools.gnu-tools-for-stm32.12.3.rel1.win32_1.0.100.202403111256/tools/bin/../lib/gcc/arm-none-eabi/12.3.1/../../../../arm-none-eabi/lib/thumb/v7-m/nofp\libc.a
LOAD C:/ST/STM32CubeIDE_1.15.1/STM32CubeIDE/plugins/com.st.stm32cube.ide.mcu.externaltools.gnu-tools-for-stm32.12.3.rel1.win32_1.0.100.202403111256/tools/bin/../lib/gcc/arm-none-eabi/12.3.1/../../../../arm-none-eabi/lib/thumb/v7-m/nofp\libm.a
LOAD C:/ST/STM32CubeIDE_1.15.1/STM32CubeIDE/plugins/com.st.stm32cube.ide.mcu.externaltools.gnu-tools-for-stm32.12.3.rel1.win32_1.0.100.202403111256/tools/bin/../lib/gcc/arm-none-eabi/12.3.1/thumb/v7-m/nofp\libgcc.a

.debug_info     0x00000000     0xa00e
 .debug_info    0x00000000      0x93d ./Core/Src/SX1278.o
 .debug_info    0x0000093d      0x862 ./Core/Src/SX1278_hw.o
 .debug_info    0x0000119f      0xf92 ./Core/Src/main.o
 .debug_info    0x00002131      0xc54 ./Core/Src/stm32f1xx_hal_msp.o
 .debug_info    0x00002d85      0x5eb ./Core/Src/stm32f1xx_it.o
 .debug_info    0x00003370      0x222 ./Core/Src/system_stm32f1xx.o
 .debug_info    0x00003592       0x30 ./Core/Startup/startup_stm32f103c6tx.o
 .debug_info    0x000035c2      0x6e6 ./Drivers/STM32F1xx_HAL_Driver/Src/stm32f1xx_hal.o
 .debug_info    0x00003ca8      0xa69 ./Drivers/STM32F1xx_HAL_Driver/Src/stm32f1xx_hal_cortex.o
 .debug_info    0x00004711      0x6d2 ./Drivers/STM32F1xx_HAL_Driver/Src/stm32f1xx_hal_dma.o
 .debug_info    0x00004de3      0x5ab ./Drivers/STM32F1xx_HAL_Driver/Src/stm32f1xx_hal_gpio.o
 .debug_info    0x0000538e      0x7d5 ./Drivers/STM32F1xx_HAL_Driver/Src/stm32f1xx_hal_rcc.o
 .debug_info    0x00005b63     0x1503 ./Drivers/STM32F1xx_HAL_Driver/Src/stm32f1xx_hal_spi.o
 .debug_info    0x00007066     0x2fa8 ./Drivers/STM32F1xx_HAL_Driver/Src/stm32f1xx_hal_uart.o

.debug_abbrev   0x00000000     0x1c6f
 .debug_abbrev  0x00000000      0x200 ./Core/Src/SX1278.o
 .debug_abbrev  0x00000200      0x1f2 ./Core/Src/SX1278_hw.o
 .debug_abbrev  0x000003f2      0x2dc ./Core/Src/main.o
 .debug_abbrev  0x000006ce      0x1cb ./Core/Src/stm32f1xx_hal_msp.o
 .debug_abbrev  0x00000899      0x176 ./Core/Src/stm32f1xx_it.o
 .debug_abbrev  0x00000a0f      0x13f ./Core/Src/system_stm32f1xx.o
 .debug_abbrev  0x00000b4e       0x24 ./Core/Startup/startup_stm32f103c6tx.o
 .debug_abbrev  0x00000b72      0x201 ./Drivers/STM32F1xx_HAL_Driver/Src/stm32f1xx_hal.o
 .debug_abbrev  0x00000d73      0x2f8 ./Drivers/STM32F1xx_HAL_Driver/Src/stm32f1xx_hal_cortex.o
 .debug_abbrev  0x0000106b      0x20b ./Drivers/STM32F1xx_HAL_Driver/Src/stm32f1xx_hal_dma.o
 .debug_abbrev  0x00001276      0x1ca ./Drivers/STM32F1xx_HAL_Driver/Src/stm32f1xx_hal_gpio.o
 .debug_abbrev  0x00001440      0x2b3 ./Drivers/STM32F1xx_HAL_Driver/Src/stm32f1xx_hal_rcc.o
 .debug_abbrev  0x000016f3      0x284 ./Drivers/STM32F1xx_HAL_Driver/Src/stm32f1xx_hal_spi.o
 .debug_abbrev  0x00001977      0x2f8 ./Drivers/STM32F1xx_HAL_Driver/Src/stm32f1xx_hal_uart.o

.debug_aranges  0x00000000      0x968
 .debug_aranges
                0x00000000       0xb8 ./Core/Src/SX1278.o
 .debug_aranges
                0x000000b8       0x50 ./Core/Src/SX1278_hw.o
 .debug_aranges
                0x00000108       0x48 ./Core/Src/main.o
 .debug_aranges
                0x00000150       0x40 ./Core/Src/stm32f1xx_hal_msp.o
 .debug_aranges
                0x00000190       0x68 ./Core/Src/stm32f1xx_it.o
 .debug_aranges
                0x000001f8       0x28 ./Core/Src/system_stm32f1xx.o
 .debug_aranges
                0x00000220       0x28 ./Core/Startup/startup_stm32f103c6tx.o
 .debug_aranges
                0x00000248       0xe0 ./Drivers/STM32F1xx_HAL_Driver/Src/stm32f1xx_hal.o
 .debug_aranges
                0x00000328      0x100 ./Drivers/STM32F1xx_HAL_Driver/Src/stm32f1xx_hal_cortex.o
 .debug_aranges
                0x00000428       0x80 ./Drivers/STM32F1xx_HAL_Driver/Src/stm32f1xx_hal_dma.o
 .debug_aranges
                0x000004a8       0x58 ./Drivers/STM32F1xx_HAL_Driver/Src/stm32f1xx_hal_gpio.o
 .debug_aranges
                0x00000500       0x90 ./Drivers/STM32F1xx_HAL_Driver/Src/stm32f1xx_hal_rcc.o
 .debug_aranges
                0x00000590      0x1d0 ./Drivers/STM32F1xx_HAL_Driver/Src/stm32f1xx_hal_spi.o
 .debug_aranges
                0x00000760      0x208 ./Drivers/STM32F1xx_HAL_Driver/Src/stm32f1xx_hal_uart.o

.debug_rnglists
                0x00000000      0x733
 .debug_rnglists
                0x00000000       0x89 ./Core/Src/SX1278.o
 .debug_rnglists
                0x00000089       0x37 ./Core/Src/SX1278_hw.o
 .debug_rnglists
                0x000000c0       0x33 ./Core/Src/main.o
 .debug_rnglists
                0x000000f3       0x2d ./Core/Src/stm32f1xx_hal_msp.o
 .debug_rnglists
                0x00000120       0x49 ./Core/Src/stm32f1xx_it.o
 .debug_rnglists
                0x00000169       0x1a ./Core/Src/system_stm32f1xx.o
 .debug_rnglists
                0x00000183       0x19 ./Core/Startup/startup_stm32f103c6tx.o
 .debug_rnglists
                0x0000019c       0xa3 ./Drivers/STM32F1xx_HAL_Driver/Src/stm32f1xx_hal.o
 .debug_rnglists
                0x0000023f       0xbb ./Drivers/STM32F1xx_HAL_Driver/Src/stm32f1xx_hal_cortex.o
 .debug_rnglists
                0x000002fa       0x64 ./Drivers/STM32F1xx_HAL_Driver/Src/stm32f1xx_hal_dma.o
 .debug_rnglists
                0x0000035e       0x3f ./Drivers/STM32F1xx_HAL_Driver/Src/stm32f1xx_hal_gpio.o
 .debug_rnglists
                0x0000039d       0x6c ./Drivers/STM32F1xx_HAL_Driver/Src/stm32f1xx_hal_rcc.o
 .debug_rnglists
                0x00000409      0x16e ./Drivers/STM32F1xx_HAL_Driver/Src/stm32f1xx_hal_spi.o
 .debug_rnglists
                0x00000577      0x1bc ./Drivers/STM32F1xx_HAL_Driver/Src/stm32f1xx_hal_uart.o

.debug_macro    0x00000000    0x171cb
 .debug_macro   0x00000000      0x158 ./Core/Src/SX1278.o
 .debug_macro   0x00000158      0xaa8 ./Core/Src/SX1278.o
 .debug_macro   0x00000c00       0x22 ./Core/Src/SX1278.o
 .debug_macro   0x00000c22       0x8e ./Core/Src/SX1278.o
 .debug_macro   0x00000cb0       0x51 ./Core/Src/SX1278.o
 .debug_macro   0x00000d01      0x103 ./Core/Src/SX1278.o
 .debug_macro   0x00000e04       0x6a ./Core/Src/SX1278.o
 .debug_macro   0x00000e6e      0x1df ./Core/Src/SX1278.o
 .debug_macro   0x0000104d       0x22 ./Core/Src/SX1278.o
 .debug_macro   0x0000106f      0x38a ./Core/Src/SX1278.o
 .debug_macro   0x000013f9       0x61 ./Core/Src/SX1278.o
 .debug_macro   0x0000145a       0x24 ./Core/Src/SX1278.o
 .debug_macro   0x0000147e       0x43 ./Core/Src/SX1278.o
 .debug_macro   0x000014c1       0x34 ./Core/Src/SX1278.o
 .debug_macro   0x000014f5      0x189 ./Core/Src/SX1278.o
 .debug_macro   0x0000167e       0x16 ./Core/Src/SX1278.o
 .debug_macro   0x00001694       0x43 ./Core/Src/SX1278.o
 .debug_macro   0x000016d7       0x34 ./Core/Src/SX1278.o
 .debug_macro   0x0000170b       0x10 ./Core/Src/SX1278.o
 .debug_macro   0x0000171b       0x58 ./Core/Src/SX1278.o
 .debug_macro   0x00001773       0x8e ./Core/Src/SX1278.o
 .debug_macro   0x00001801       0x1c ./Core/Src/SX1278.o
 .debug_macro   0x0000181d      0x177 ./Core/Src/SX1278.o
 .debug_macro   0x00001994      0x369 ./Core/Src/SX1278.o
 .debug_macro   0x00001cfd       0x10 ./Core/Src/SX1278.o
 .debug_macro   0x00001d0d       0x35 ./Core/Src/SX1278.o
 .debug_macro   0x00001d42       0x20 ./Core/Src/SX1278.o
 .debug_macro   0x00001d62      0x27d ./Core/Src/SX1278_hw.o
 .debug_macro   0x00001fdf      0x21b ./Core/Src/SX1278_hw.o
 .debug_macro   0x000021fa       0x2e ./Core/Src/SX1278_hw.o
 .debug_macro   0x00002228       0x22 ./Core/Src/SX1278_hw.o
 .debug_macro   0x0000224a       0x1c ./Core/Src/SX1278_hw.o
 .debug_macro   0x00002266       0x22 ./Core/Src/SX1278_hw.o
 .debug_macro   0x00002288       0xbd ./Core/Src/SX1278_hw.o
 .debug_macro   0x00002345      0xd23 ./Core/Src/SX1278_hw.o
 .debug_macro   0x00003068     0xde75 ./Core/Src/SX1278_hw.o
 .debug_macro   0x00010edd       0x6d ./Core/Src/SX1278_hw.o
 .debug_macro   0x00010f4a     0x348d ./Core/Src/SX1278_hw.o
 .debug_macro   0x000143d7       0x56 ./Core/Src/SX1278_hw.o
 .debug_macro   0x0001442d      0x5bc ./Core/Src/SX1278_hw.o
 .debug_macro   0x000149e9      0x1b7 ./Core/Src/SX1278_hw.o
 .debug_macro   0x00014ba0      0x1cb ./Core/Src/SX1278_hw.o
 .debug_macro   0x00014d6b      0x114 ./Core/Src/SX1278_hw.o
 .debug_macro   0x00014e7f      0x1b2 ./Core/Src/SX1278_hw.o
 .debug_macro   0x00015031       0x27 ./Core/Src/SX1278_hw.o
 .debug_macro   0x00015058      0x12f ./Core/Src/SX1278_hw.o
 .debug_macro   0x00015187      0x1bc ./Core/Src/SX1278_hw.o
 .debug_macro   0x00015343       0x34 ./Core/Src/SX1278_hw.o
 .debug_macro   0x00015377       0x3c ./Core/Src/SX1278_hw.o
 .debug_macro   0x000153b3       0x57 ./Core/Src/SX1278_hw.o
 .debug_macro   0x0001540a       0x87 ./Core/Src/SX1278_hw.o
 .debug_macro   0x00015491      0x183 ./Core/Src/SX1278_hw.o
 .debug_macro   0x00015614      0x140 ./Core/Src/SX1278_hw.o
 .debug_macro   0x00015754      0x217 ./Core/Src/SX1278_hw.o
 .debug_macro   0x0001596b      0x28e ./Core/Src/SX1278_hw.o
 .debug_macro   0x00015bf9       0x69 ./Core/Src/SX1278_hw.o
 .debug_macro   0x00015c62       0x28 ./Core/Src/SX1278_hw.o
 .debug_macro   0x00015c8a      0x29f ./Core/Src/main.o
 .debug_macro   0x00015f29       0x5c ./Core/Src/main.o
 .debug_macro   0x00015f85       0x16 ./Core/Src/main.o
 .debug_macro   0x00015f9b       0x10 ./Core/Src/main.o
 .debug_macro   0x00015fab       0x16 ./Core/Src/main.o
 .debug_macro   0x00015fc1       0x16 ./Core/Src/main.o
 .debug_macro   0x00015fd7      0x146 ./Core/Src/main.o
 .debug_macro   0x0001611d      0x1a5 ./Core/Src/stm32f1xx_hal_msp.o
 .debug_macro   0x000162c2      0x1af ./Core/Src/stm32f1xx_it.o
 .debug_macro   0x00016471      0x196 ./Core/Src/system_stm32f1xx.o
 .debug_macro   0x00016607      0x1ba ./Drivers/STM32F1xx_HAL_Driver/Src/stm32f1xx_hal.o
 .debug_macro   0x000167c1      0x196 ./Drivers/STM32F1xx_HAL_Driver/Src/stm32f1xx_hal_cortex.o
 .debug_macro   0x00016957      0x196 ./Drivers/STM32F1xx_HAL_Driver/Src/stm32f1xx_hal_dma.o
 .debug_macro   0x00016aed      0x201 ./Drivers/STM32F1xx_HAL_Driver/Src/stm32f1xx_hal_gpio.o
 .debug_macro   0x00016cee      0x1a8 ./Drivers/STM32F1xx_HAL_Driver/Src/stm32f1xx_hal_rcc.o
 .debug_macro   0x00016e96      0x19e ./Drivers/STM32F1xx_HAL_Driver/Src/stm32f1xx_hal_spi.o
 .debug_macro   0x00017034      0x197 ./Drivers/STM32F1xx_HAL_Driver/Src/stm32f1xx_hal_uart.o

.debug_line     0x00000000     0xb405
 .debug_line    0x00000000      0x99b ./Core/Src/SX1278.o
 .debug_line    0x0000099b      0x94c ./Core/Src/SX1278_hw.o
 .debug_line    0x000012e7      0x9fd ./Core/Src/main.o
 .debug_line    0x00001ce4      0x794 ./Core/Src/stm32f1xx_hal_msp.o
 .debug_line    0x00002478      0x7c5 ./Core/Src/stm32f1xx_it.o
 .debug_line    0x00002c3d      0x769 ./Core/Src/system_stm32f1xx.o
 .debug_line    0x000033a6       0x78 ./Core/Startup/startup_stm32f103c6tx.o
 .debug_line    0x0000341e      0x996 ./Drivers/STM32F1xx_HAL_Driver/Src/stm32f1xx_hal.o
 .debug_line    0x00003db4      0xb82 ./Drivers/STM32F1xx_HAL_Driver/Src/stm32f1xx_hal_cortex.o
 .debug_line    0x00004936      0xdef ./Drivers/STM32F1xx_HAL_Driver/Src/stm32f1xx_hal_dma.o
 .debug_line    0x00005725      0xa1a ./Drivers/STM32F1xx_HAL_Driver/Src/stm32f1xx_hal_gpio.o
 .debug_line    0x0000613f      0xd9f ./Drivers/STM32F1xx_HAL_Driver/Src/stm32f1xx_hal_rcc.o
 .debug_line    0x00006ede     0x1c48 ./Drivers/STM32F1xx_HAL_Driver/Src/stm32f1xx_hal_spi.o
 .debug_line    0x00008b26     0x28df ./Drivers/STM32F1xx_HAL_Driver/Src/stm32f1xx_hal_uart.o

.debug_str      0x00000000    0x82235
 .debug_str     0x00000000     0x7e59 ./Core/Src/SX1278.o
                               0x8097 (size before relaxing)
 .debug_str     0x00007e59    0x77c95 ./Core/Src/SX1278_hw.o
                              0x7f091 (size before relaxing)
 .debug_str     0x0007faee      0xa4d ./Core/Src/main.o
                              0x8062d (size before relaxing)
 .debug_str     0x0008053b      0x32b ./Core/Src/stm32f1xx_hal_msp.o
                              0x7c35e (size before relaxing)
 .debug_str     0x00080866       0xef ./Core/Src/stm32f1xx_it.o
                              0x7be9d (size before relaxing)
 .debug_str     0x00080955       0x7e ./Core/Src/system_stm32f1xx.o
                              0x7b9e5 (size before relaxing)
 .debug_str     0x000809d3       0x44 ./Core/Startup/startup_stm32f103c6tx.o
                                 0x7f (size before relaxing)
 .debug_str     0x00080a17      0x37a ./Drivers/STM32F1xx_HAL_Driver/Src/stm32f1xx_hal.o
                              0x7c0de (size before relaxing)
 .debug_str     0x00080d91      0x294 ./Drivers/STM32F1xx_HAL_Driver/Src/stm32f1xx_hal_cortex.o
                              0x7c02a (size before relaxing)
 .debug_str     0x00081025      0x235 ./Drivers/STM32F1xx_HAL_Driver/Src/stm32f1xx_hal_dma.o
                              0x7bd8e (size before relaxing)
 .debug_str     0x0008125a      0x2d0 ./Drivers/STM32F1xx_HAL_Driver/Src/stm32f1xx_hal_gpio.o
                              0x7bd6b (size before relaxing)
 .debug_str     0x0008152a      0x229 ./Drivers/STM32F1xx_HAL_Driver/Src/stm32f1xx_hal_rcc.o
                              0x7be14 (size before relaxing)
 .debug_str     0x00081753      0x502 ./Drivers/STM32F1xx_HAL_Driver/Src/stm32f1xx_hal_spi.o
                              0x7c311 (size before relaxing)
 .debug_str     0x00081c55      0x5e0 ./Drivers/STM32F1xx_HAL_Driver/Src/stm32f1xx_hal_uart.o
                              0x7c485 (size before relaxing)

.comment        0x00000000       0x43
 .comment       0x00000000       0x43 ./Core/Src/SX1278.o
                                 0x44 (size before relaxing)
 .comment       0x00000043       0x44 ./Core/Src/SX1278_hw.o
 .comment       0x00000043       0x44 ./Core/Src/main.o
 .comment       0x00000043       0x44 ./Core/Src/stm32f1xx_hal_msp.o
 .comment       0x00000043       0x44 ./Core/Src/stm32f1xx_it.o
 .comment       0x00000043       0x44 ./Core/Src/system_stm32f1xx.o
 .comment       0x00000043       0x44 ./Drivers/STM32F1xx_HAL_Driver/Src/stm32f1xx_hal.o
 .comment       0x00000043       0x44 ./Drivers/STM32F1xx_HAL_Driver/Src/stm32f1xx_hal_cortex.o
 .comment       0x00000043       0x44 ./Drivers/STM32F1xx_HAL_Driver/Src/stm32f1xx_hal_dma.o
 .comment       0x00000043       0x44 ./Drivers/STM32F1xx_HAL_Driver/Src/stm32f1xx_hal_gpio.o
 .comment       0x00000043       0x44 ./Drivers/STM32F1xx_HAL_Driver/Src/stm32f1xx_hal_rcc.o
 .comment       0x00000043       0x44 ./Drivers/STM32F1xx_HAL_Driver/Src/stm32f1xx_hal_spi.o
 .comment       0x00000043       0x44 ./Drivers/STM32F1xx_HAL_Driver/Src/stm32f1xx_hal_uart.o

.debug_frame    0x00000000     0x25d4
 .debug_frame   0x00000000      0x2e4 ./Core/Src/SX1278.o
 .debug_frame   0x000002e4      0x10c ./Core/Src/SX1278_hw.o
 .debug_frame   0x000003f0       0xc8 ./Core/Src/main.o
 .debug_frame   0x000004b8       0xc8 ./Core/Src/stm32f1xx_hal_msp.o
 .debug_frame   0x00000580      0x120 ./Core/Src/stm32f1xx_it.o
 .debug_frame   0x000006a0       0x58 ./Core/Src/system_stm32f1xx.o
 .debug_frame   0x000006f8      0x334 ./Drivers/STM32F1xx_HAL_Driver/Src/stm32f1xx_hal.o
 .debug_frame   0x00000a2c      0x428 ./Drivers/STM32F1xx_HAL_Driver/Src/stm32f1xx_hal_cortex.o
 .debug_frame   0x00000e54      0x208 ./Drivers/STM32F1xx_HAL_Driver/Src/stm32f1xx_hal_dma.o
 .debug_frame   0x0000105c      0x14c ./Drivers/STM32F1xx_HAL_Driver/Src/stm32f1xx_hal_gpio.o
 .debug_frame   0x000011a8      0x218 ./Drivers/STM32F1xx_HAL_Driver/Src/stm32f1xx_hal_rcc.o
 .debug_frame   0x000013c0      0x824 ./Drivers/STM32F1xx_HAL_Driver/Src/stm32f1xx_hal_spi.o
 .debug_frame   0x00001be4      0x944 ./Drivers/STM32F1xx_HAL_Driver/Src/stm32f1xx_hal_uart.o
 .debug_frame   0x00002528       0x20 C:/ST/STM32CubeIDE_1.15.1/STM32CubeIDE/plugins/com.st.stm32cube.ide.mcu.externaltools.gnu-tools-for-stm32.12.3.rel1.win32_1.0.100.202403111256/tools/bin/../lib/gcc/arm-none-eabi/12.3.1/../../../../arm-none-eabi/lib/thumb/v7-m/nofp\libc_nano.a(libc_a-memset.o)
 .debug_frame   0x00002548       0x2c C:/ST/STM32CubeIDE_1.15.1/STM32CubeIDE/plugins/com.st.stm32cube.ide.mcu.externaltools.gnu-tools-for-stm32.12.3.rel1.win32_1.0.100.202403111256/tools/bin/../lib/gcc/arm-none-eabi/12.3.1/../../../../arm-none-eabi/lib/thumb/v7-m/nofp\libc_nano.a(libc_a-init.o)
 .debug_frame   0x00002574       0x2c C:/ST/STM32CubeIDE_1.15.1/STM32CubeIDE/plugins/com.st.stm32cube.ide.mcu.externaltools.gnu-tools-for-stm32.12.3.rel1.win32_1.0.100.202403111256/tools/bin/../lib/gcc/arm-none-eabi/12.3.1/thumb/v7-m/nofp\libgcc.a(_aeabi_uldivmod.o)
 .debug_frame   0x000025a0       0x34 C:/ST/STM32CubeIDE_1.15.1/STM32CubeIDE/plugins/com.st.stm32cube.ide.mcu.externaltools.gnu-tools-for-stm32.12.3.rel1.win32_1.0.100.202403111256/tools/bin/../lib/gcc/arm-none-eabi/12.3.1/thumb/v7-m/nofp\libgcc.a(_udivmoddi4.o)

.debug_line_str
                0x00000000       0x63
 .debug_line_str
                0x00000000       0x63 ./Core/Startup/startup_stm32f103c6tx.o
