Archive member included to satisfy reference by file (symbol)

C:/ST/STM32CubeIDE_1.15.1/STM32CubeIDE/plugins/com.st.stm32cube.ide.mcu.externaltools.gnu-tools-for-stm32.12.3.rel1.win32_1.0.100.202403111256/tools/bin/../lib/gcc/arm-none-eabi/12.3.1/../../../../arm-none-eabi/lib/thumb/v7-m/nofp\libc_nano.a(libc_a-exit.o)
                              C:/ST/STM32CubeIDE_1.15.1/STM32CubeIDE/plugins/com.st.stm32cube.ide.mcu.externaltools.gnu-tools-for-stm32.12.3.rel1.win32_1.0.100.202403111256/tools/bin/../lib/gcc/arm-none-eabi/12.3.1/../../../../arm-none-eabi/lib/thumb/v7-m/nofp/crt0.o (exit)
C:/ST/STM32CubeIDE_1.15.1/STM32CubeIDE/plugins/com.st.stm32cube.ide.mcu.externaltools.gnu-tools-for-stm32.12.3.rel1.win32_1.0.100.202403111256/tools/bin/../lib/gcc/arm-none-eabi/12.3.1/../../../../arm-none-eabi/lib/thumb/v7-m/nofp\libc_nano.a(libc_a-findfp.o)
                              C:/ST/STM32CubeIDE_1.15.1/STM32CubeIDE/plugins/com.st.stm32cube.ide.mcu.externaltools.gnu-tools-for-stm32.12.3.rel1.win32_1.0.100.202403111256/tools/bin/../lib/gcc/arm-none-eabi/12.3.1/../../../../arm-none-eabi/lib/thumb/v7-m/nofp\libc_nano.a(libc_a-exit.o) (__stdio_exit_handler)
C:/ST/STM32CubeIDE_1.15.1/STM32CubeIDE/plugins/com.st.stm32cube.ide.mcu.externaltools.gnu-tools-for-stm32.12.3.rel1.win32_1.0.100.202403111256/tools/bin/../lib/gcc/arm-none-eabi/12.3.1/../../../../arm-none-eabi/lib/thumb/v7-m/nofp\libc_nano.a(libc_a-fwalk.o)
                              C:/ST/STM32CubeIDE_1.15.1/STM32CubeIDE/plugins/com.st.stm32cube.ide.mcu.externaltools.gnu-tools-for-stm32.12.3.rel1.win32_1.0.100.202403111256/tools/bin/../lib/gcc/arm-none-eabi/12.3.1/../../../../arm-none-eabi/lib/thumb/v7-m/nofp\libc_nano.a(libc_a-findfp.o) (_fwalk_sglue)
C:/ST/STM32CubeIDE_1.15.1/STM32CubeIDE/plugins/com.st.stm32cube.ide.mcu.externaltools.gnu-tools-for-stm32.12.3.rel1.win32_1.0.100.202403111256/tools/bin/../lib/gcc/arm-none-eabi/12.3.1/../../../../arm-none-eabi/lib/thumb/v7-m/nofp\libc_nano.a(libc_a-stdio.o)
                              C:/ST/STM32CubeIDE_1.15.1/STM32CubeIDE/plugins/com.st.stm32cube.ide.mcu.externaltools.gnu-tools-for-stm32.12.3.rel1.win32_1.0.100.202403111256/tools/bin/../lib/gcc/arm-none-eabi/12.3.1/../../../../arm-none-eabi/lib/thumb/v7-m/nofp\libc_nano.a(libc_a-findfp.o) (__sread)
C:/ST/STM32CubeIDE_1.15.1/STM32CubeIDE/plugins/com.st.stm32cube.ide.mcu.externaltools.gnu-tools-for-stm32.12.3.rel1.win32_1.0.100.202403111256/tools/bin/../lib/gcc/arm-none-eabi/12.3.1/../../../../arm-none-eabi/lib/thumb/v7-m/nofp\libc_nano.a(libc_a-memset.o)
                              C:/ST/STM32CubeIDE_1.15.1/STM32CubeIDE/plugins/com.st.stm32cube.ide.mcu.externaltools.gnu-tools-for-stm32.12.3.rel1.win32_1.0.100.202403111256/tools/bin/../lib/gcc/arm-none-eabi/12.3.1/../../../../arm-none-eabi/lib/thumb/v7-m/nofp/crt0.o (memset)
C:/ST/STM32CubeIDE_1.15.1/STM32CubeIDE/plugins/com.st.stm32cube.ide.mcu.externaltools.gnu-tools-for-stm32.12.3.rel1.win32_1.0.100.202403111256/tools/bin/../lib/gcc/arm-none-eabi/12.3.1/../../../../arm-none-eabi/lib/thumb/v7-m/nofp\libc_nano.a(libc_a-closer.o)
                              C:/ST/STM32CubeIDE_1.15.1/STM32CubeIDE/plugins/com.st.stm32cube.ide.mcu.externaltools.gnu-tools-for-stm32.12.3.rel1.win32_1.0.100.202403111256/tools/bin/../lib/gcc/arm-none-eabi/12.3.1/../../../../arm-none-eabi/lib/thumb/v7-m/nofp\libc_nano.a(libc_a-stdio.o) (_close_r)
C:/ST/STM32CubeIDE_1.15.1/STM32CubeIDE/plugins/com.st.stm32cube.ide.mcu.externaltools.gnu-tools-for-stm32.12.3.rel1.win32_1.0.100.202403111256/tools/bin/../lib/gcc/arm-none-eabi/12.3.1/../../../../arm-none-eabi/lib/thumb/v7-m/nofp\libc_nano.a(libc_a-reent.o)
                              C:/ST/STM32CubeIDE_1.15.1/STM32CubeIDE/plugins/com.st.stm32cube.ide.mcu.externaltools.gnu-tools-for-stm32.12.3.rel1.win32_1.0.100.202403111256/tools/bin/../lib/gcc/arm-none-eabi/12.3.1/../../../../arm-none-eabi/lib/thumb/v7-m/nofp\libc_nano.a(libc_a-closer.o) (errno)
C:/ST/STM32CubeIDE_1.15.1/STM32CubeIDE/plugins/com.st.stm32cube.ide.mcu.externaltools.gnu-tools-for-stm32.12.3.rel1.win32_1.0.100.202403111256/tools/bin/../lib/gcc/arm-none-eabi/12.3.1/../../../../arm-none-eabi/lib/thumb/v7-m/nofp\libc_nano.a(libc_a-impure.o)
                              C:/ST/STM32CubeIDE_1.15.1/STM32CubeIDE/plugins/com.st.stm32cube.ide.mcu.externaltools.gnu-tools-for-stm32.12.3.rel1.win32_1.0.100.202403111256/tools/bin/../lib/gcc/arm-none-eabi/12.3.1/../../../../arm-none-eabi/lib/thumb/v7-m/nofp\libc_nano.a(libc_a-reent.o) (_impure_ptr)
C:/ST/STM32CubeIDE_1.15.1/STM32CubeIDE/plugins/com.st.stm32cube.ide.mcu.externaltools.gnu-tools-for-stm32.12.3.rel1.win32_1.0.100.202403111256/tools/bin/../lib/gcc/arm-none-eabi/12.3.1/../../../../arm-none-eabi/lib/thumb/v7-m/nofp\libc_nano.a(libc_a-lseekr.o)
[...]
Memory Configuration

Name             Origin             Length             Attributes
RAM              0x20000000         0x00002800         xrw
FLASH            0x08000000         0x00008000         xr
*default*        0x00000000         0xffffffff

Linker script and memory map

LOAD C:/ST/STM32CubeIDE_1.15.1/STM32CubeIDE/plugins/com.st.stm32cube.ide.mcu.externaltools.gnu-tools-for-stm32.12.3.rel1.win32_1.0.100.202403111256/tools/bin/../lib/gcc/arm-none-eabi/12.3.1/thumb/v7-m/nofp/crti.o
LOAD C:/ST/STM32CubeIDE_1.15.1/STM32CubeIDE/plugins/com.st.stm32cube.ide.mcu.externaltools.gnu-tools-for-stm32.12.3.rel1.win32_1.0.100.202403111256/tools/bin/../lib/gcc/arm-none-eabi/12.3.1/thumb/v7-m/nofp/crtbegin.o
LOAD C:/ST/STM32CubeIDE_1.15.1/STM32CubeIDE/plugins/com.st.stm32cube.ide.mcu.externaltools.gnu-tools-for-stm32.12.3.rel1.win32_1.0.100.202403111256/tools/bin/../lib/gcc/arm-none-eabi/12.3.1/../../../../arm-none-eabi/lib/thumb/v7-m/nofp/crt0.o
LOAD ./Core/Src/SX1278.o
LOAD ./Core/Src/SX1278_hw.o
LOAD ./Core/Src/main.o
LOAD ./Core/Src/stm32f1xx_hal_msp.o
LOAD ./Core/Src/stm32f1xx_it.o
LOAD ./Core/Src/syscalls.o
LOAD ./Core/Src/sysmem.o
LOAD ./Core/Src/system_stm32f1xx.o
LOAD ./Core/Startup/startup_stm32f103c6tx.o
LOAD ./Drivers/STM32F1xx_HAL_Driver/Src/stm32f1xx_hal.o
LOAD ./Drivers/STM32F1xx_HAL_Driver/Src/stm32f1xx_hal_cortex.o
LOAD ./Drivers/STM32F1xx_HAL_Driver/Src/stm32f1xx_hal_dma.o
LOAD ./Drivers/STM32F1xx_HAL_Driver/Src/stm32f1xx_hal_exti.o
LOAD ./Drivers/STM32F1xx_HAL_Driver/Src/stm32f1xx_hal_flash.o
LOAD ./Drivers/STM32F1xx_HAL_Driver/Src/stm32f1xx_hal_flash_ex.o
LOAD ./Drivers/STM32F1xx_HAL_Driver/Src/stm32f1xx_hal_gpio.o
LOAD ./Drivers/STM32F1xx_HAL_Driver/Src/stm32f1xx_hal_gpio_ex.o
LOAD ./Drivers/STM32F1xx_HAL_Driver/Src/stm32f1xx_hal_pwr.o
LOAD ./Drivers/STM32F1xx_HAL_Driver/Src/stm32f1xx_hal_rcc.o
LOAD ./Drivers/STM32F1xx_HAL_Driver/Src/stm32f1xx_hal_rcc_ex.o
LOAD ./Drivers/STM32F1xx_HAL_Driver/Src/stm32f1xx_hal_spi.o
LOAD ./Drivers/STM32F1xx_HAL_Driver/Src/stm32f1xx_hal_tim.o
LOAD ./Drivers/STM32F1xx_HAL_Driver/Src/stm32f1xx_hal_tim_ex.o
LOAD ./Drivers/STM32F1xx_HAL_Driver/Src/stm32f1xx_hal_uart.o
START GROUP
LOAD C:/ST/STM32CubeIDE_1.15.1/STM32CubeIDE/plugins/com.st.stm32cube.ide.mcu.externaltools.gnu-tools-for-stm32.12.3.rel1.win32_1.0.100.202403111256/tools/bin/../lib/gcc/arm-none-eabi/12.3.1/../../../../arm-none-eabi/lib/thumb/v7-m/nofp\libc_nano.a
LOAD C:/ST/STM32CubeIDE_1.15.1/STM32CubeIDE/plugins/com.st.stm32cube.ide.mcu.externaltools.gnu-tools-for-stm32.12.3.rel1.win32_1.0.100.202403111256/tools/bin/../lib/gcc/arm-none-eabi/12.3.1/../../../../arm-none-eabi/lib/thumb/v7-m/nofp\libm.a
END GROUP
START GROUP
LOAD C:/ST/STM32CubeIDE_1.15.1/STM32CubeIDE/plugins/com.st.stm32cube.ide.mcu.externaltools.gnu-tools-for-stm32.12.3.rel1.win32_1.0.100.202403111256/tools/bin/../lib/gcc/arm-none-eabi/12.3.1/thumb/v7-m/nofp\libgcc.a
LOAD C:/ST/STM32CubeIDE_1.15.1/STM32CubeIDE/plugins/com.st.stm32cube.ide.mcu.externaltools.gnu-tools-for-stm32.12.3.rel1.win32_1.0.100.202403111256/tools/bin/../lib/gcc/arm-none-eabi/12.3.1/../../../../arm-none-eabi/lib/thumb/v7-m/nofp\libc_nano.a
END GROUP
START GROUP
LOAD C:/ST/STM32CubeIDE_1.15.1/STM32CubeIDE/plugins/com.st.stm32cube.ide.mcu.externaltools.gnu-tools-for-stm32.12.3.rel1.win32_1.0.100.202403111256/tools/bin/../lib/gcc/arm-none-eabi/12.3.1/thumb/v7-m/nofp\libgcc.a
LOAD C:/ST/STM32CubeIDE_1.15.1/STM32CubeIDE/plugins/com.st.stm32cube.ide.mcu.externaltools.gnu-tools-for-stm32.12.3.rel1.win32_1.0.100.202403111256/tools/bin/../lib/gcc/arm-none-eabi/12.3.1/../../../../arm-none-eabi/lib/thumb/v7-m/nofp\libc_nano.a
LOAD C:/ST/STM32CubeIDE_1.15.1/STM32CubeIDE/plugins/com.st.stm32cube.ide.mcu.externaltools.gnu-tools-for-stm32.12.3.rel1.win32_1.0.100.202403111256/tools/bin/../lib/gcc/arm-none-eabi/12.3.1/../../../../arm-none-eabi/lib/thumb/v7-m/nofp\libnosys.a
END GROUP
START GROUP
LOAD C:/ST/STM32CubeIDE_1.15.1/STM32CubeIDE/plugins/com.st.stm32cube.ide.mcu.externaltools.gnu-tools-for-stm32.12.3.rel1.win32_1.0.100.202403111256/tools/bin/../lib/gcc/arm-none-eabi/12.3.1/thumb/v7-m/nofp\libgcc.a
LOAD C:/ST/STM32CubeIDE_1.15.1/STM32CubeIDE/plugins/com.st.stm32cube.ide.mcu.externaltools.gnu-tools-for-stm32.12.3.rel1.win32_1.0.100.202403111256/tools/bin/../lib/gcc/arm-none-eabi/12.3.1/../../../../arm-none-eabi/lib/thumb/v7-m/nofp\libc_nano.a
LOAD C:/ST/STM32CubeIDE_1.15.1/STM32CubeIDE/plugins/com.st.stm32cube.ide.mcu.externaltools.gnu-tools-for-stm32.12.3.rel1.win32_1.0.100.202403111256/tools/bin/../lib/gcc/arm-none-eabi/12.3.1/../../../../arm-none-eabi/lib/thumb/v7-m/nofp\libnosys.a
END GROUP
LOAD C:/ST/STM32CubeIDE_1.15.1/STM32CubeIDE/plugins/com.st.stm32cube.ide.mcu.externaltools.gnu-tools-for-stm32.12.3.rel1.win32_1.0.100.202403111256/tools/bin/../lib/gcc/arm-none-eabi/12.3.1/thumb/v7-m/nofp/crtend.o
LOAD C:/ST/STM32CubeIDE_1.15.1/STM32CubeIDE/plugins/com.st.stm32cube.ide.mcu.externaltools.gnu-tools-for-stm32.12.3.rel1.win32_1.0.100.202403111256/tools/bin/../lib/gcc/arm-none-eabi/12.3.1/thumb/v7-m/nofp/crtn.o
                0x20002800                        _estack = (ORIGIN (RAM) + LENGTH (RAM))
                0x00000200                        _Min_Heap_Size = 0x200
                0x00000400                        _Min_Stack_Size = 0x400

.isr_vector     0x08000000      0x10c
                0x08000000                        . = ALIGN (0x4)
 *(.isr_vector)
 .isr_vector    0x08000000      0x10c ./Core/Startup/startup_stm32f103c6tx.o
                0x08000000                g_pfnVectors
                0x0800010c                        . = ALIGN (0x4)

.text           0x08000110     0x2bd4
                0x08000110                        . = ALIGN (0x4)
 *(.text)
 .text          0x08000110       0x40 C:/ST/STM32CubeIDE_1.15.1/STM32CubeIDE/plugins/com.st.stm32cube.ide.mcu.externaltools.gnu-tools-for-stm32.12.3.rel1.win32_1.0.100.202403111256/tools/bin/../lib/gcc/arm-none-eabi/12.3.1/thumb/v7-m/nofp/crtbegin.o
 .text          0x08000150       0x30 C:/ST/STM32CubeIDE_1.15.1/STM32CubeIDE/plugins/com.st.stm32cube.ide.mcu.externaltools.gnu-tools-for-stm32.12.3.rel1.win32_1.0.100.202403111256/tools/bin/../lib/gcc/arm-none-eabi/12.3.1/thumb/v7-m/nofp\libgcc.a(_aeabi_uldivmod.o)
                0x08000150                __aeabi_uldivmod
 .text          0x08000180      0x2b8 C:/ST/STM32CubeIDE_1.15.1/STM32CubeIDE/plugins/com.st.stm32cube.ide.mcu.externaltools.gnu-tools-for-stm32.12.3.rel1.win32_1.0.100.202403111256/tools/bin/../lib/gcc/arm-none-eabi/12.3.1/thumb/v7-m/nofp\libgcc.a(_udivmoddi4.o)
                0x08000180                __udivmoddi4
 .text          0x08000438        0x4 C:/ST/STM32CubeIDE_1.15.1/STM32CubeIDE/plugins/com.st.stm32cube.ide.mcu.externaltools.gnu-tools-for-stm32.12.3.rel1.win32_1.0.100.202403111256/tools/bin/../lib/gcc/arm-none-eabi/12.3.1/thumb/v7-m/nofp\libgcc.a(_dvmd_tls.o)
                0x08000438                __aeabi_idiv0
                0x08000438                __aeabi_ldiv0
 *(.text*)
 .text.SX1278_SPIRead
                0x0800043c       0x3e ./Core/Src/SX1278.o
                0x0800043c                SX1278_SPIRead
 .text.SX1278_SPIWrite
                0x0800047a       0x52 ./Core/Src/SX1278.o
                0x0800047a                SX1278_SPIWrite
 .text.SX1278_SPIBurstRead
                0x080004cc       0x72 ./Core/Src/SX1278.o
                0x080004cc                SX1278_SPIBurstRead
 .text.SX1278_SPIBurstWrite
                0x0800053e       0x76 ./Core/Src/SX1278.o
                0x0800053e                SX1278_SPIBurstWrite
 .text.SX1278_config
                0x080005b4      0x208 ./Core/Src/SX1278.o
                0x080005b4                SX1278_config
 .text.SX1278_standby
                0x080007bc       0x20 ./Core/Src/SX1278.o
                0x080007bc                SX1278_standby
 .text.SX1278_sleep
                0x080007dc       0x20 ./Core/Src/SX1278.o
                0x080007dc                SX1278_sleep
 .text.SX1278_entryLoRa
                0x080007fc       0x1a ./Core/Src/SX1278.o
                0x080007fc                SX1278_entryLoRa
 .text.SX1278_clearLoRaIrq
                0x08000816       0x1a ./Core/Src/SX1278.o
                0x08000816                SX1278_clearLoRaIrq
 .text.SX1278_LoRaEntryRx
                0x08000830       0xca ./Core/Src/SX1278.o
                0x08000830                SX1278_LoRaEntryRx
 .text.SX1278_LoRaRxPacket
                0x080008fa       0x88 ./Core/Src/SX1278.o
                0x080008fa                SX1278_LoRaRxPacket
 .text.SX1278_init
                0x08000982       0x5a ./Core/Src/SX1278.o
                0x08000982                SX1278_init
 .text.SX1278_read
                0x080009dc       0x4c ./Core/Src/SX1278.o
                0x080009dc                SX1278_read
 .text.SX1278_hw_init
                0x08000a28       0x2a ./Core/Src/SX1278_hw.o
                0x08000a28                SX1278_hw_init
 .text.SX1278_hw_SetNSS
                0x08000a52       0x2e ./Core/Src/SX1278_hw.o
                0x08000a52                SX1278_hw_SetNSS
 .text.SX1278_hw_Reset
                0x08000a80       0x48 ./Core/Src/SX1278_hw.o
                0x08000a80                SX1278_hw_Reset
 .text.SX1278_hw_SPICommand
                0x08000ac8       0x40 ./Core/Src/SX1278_hw.o
                0x08000ac8                SX1278_hw_SPICommand
 .text.SX1278_hw_SPIReadByte
                0x08000b08       0x4c ./Core/Src/SX1278_hw.o
                0x08000b08                SX1278_hw_SPIReadByte
 .text.SX1278_hw_DelayMs
                0x08000b54       0x16 ./Core/Src/SX1278_hw.o
                0x08000b54                SX1278_hw_DelayMs
 .text.SX1278_hw_GetDIO0
                0x08000b6a       0x2e ./Core/Src/SX1278_hw.o
                0x08000b6a                SX1278_hw_GetDIO0
 .text.main     0x08000b98      0x168 ./Core/Src/main.o
                0x08000b98                main
 .text.SystemClock_Config
                0x08000d00       0x76 ./Core/Src/main.o
                0x08000d00                SystemClock_Config
 *fill*         0x08000d76        0x2 
 .text.MX_SPI1_Init
                0x08000d78       0x6c ./Core/Src/main.o
 .text.MX_USART1_UART_Init
                0x08000de4       0x54 ./Core/Src/main.o
 .text.MX_GPIO_Init
                0x08000e38      0x11c ./Core/Src/main.o
 .text.Crc16    0x08000f54       0x76 ./Core/Src/main.o
                0x08000f54                Crc16
 .text.Error_Handler
                0x08000fca        0xc ./Core/Src/main.o
                0x08000fca                Error_Handler
 *fill*         0x08000fd6        0x2 
 .text.HAL_MspInit
                0x08000fd8       0x64 ./Core/Src/stm32f1xx_hal_msp.o
                0x08000fd8                HAL_MspInit
 .text.HAL_SPI_MspInit
                0x0800103c       0x94 ./Core/Src/stm32f1xx_hal_msp.o
                0x0800103c                HAL_SPI_MspInit
 .text.HAL_UART_MspInit
                0x080010d0       0x98 ./Core/Src/stm32f1xx_hal_msp.o
                0x080010d0                HAL_UART_MspInit
 .text.NMI_Handler
                0x08001168        0x8 ./Core/Src/stm32f1xx_it.o
                0x08001168                NMI_Handler
 .text.HardFault_Handler
                0x08001170        0x8 ./Core/Src/stm32f1xx_it.o
                0x08001170                HardFault_Handler
 .text.MemManage_Handler
                0x08001178        0x8 ./Core/Src/stm32f1xx_it.o
                0x08001178                MemManage_Handler
 .text.BusFault_Handler
                0x08001180        0x8 ./Core/Src/stm32f1xx_it.o
                0x08001180                BusFault_Handler
 .text.UsageFault_Handler
                0x08001188        0x8 ./Core/Src/stm32f1xx_it.o
                0x08001188                UsageFault_Handler
 .text.SVC_Handler
                0x08001190        0xc ./Core/Src/stm32f1xx_it.o
                0x08001190                SVC_Handler
 .text.DebugMon_Handler
                0x0800119c        0xc ./Core/Src/stm32f1xx_it.o
                0x0800119c                DebugMon_Handler
 .text.PendSV_Handler
                0x080011a8        0xc ./Core/Src/stm32f1xx_it.o
                0x080011a8                PendSV_Handler
 .text.SysTick_Handler
                0x080011b4        0xc ./Core/Src/stm32f1xx_it.o
                0x080011b4                SysTick_Handler
 .text.SystemInit
                0x080011c0        0xc ./Core/Src/system_stm32f1xx.o
                0x080011c0                SystemInit
 .text.Reset_Handler
                0x080011cc       0x48 ./Core/Startup/startup_stm32f103c6tx.o
                0x080011cc                Reset_Handler
 .text.Default_Handler
                0x08001214        0x2 ./Core/Startup/startup_stm32f103c6tx.o
                0x08001214                RTC_Alarm_IRQHandler
                0x08001214                EXTI2_IRQHandler
                0x08001214                TIM1_CC_IRQHandler
                0x08001214                PVD_IRQHandler
                0x08001214                EXTI3_IRQHandler
                0x08001214                EXTI0_IRQHandler
                0x08001214                ADC1_2_IRQHandler
                0x08001214                SPI1_IRQHandler
                0x08001214                TAMPER_IRQHandler
                0x08001214                DMA1_Channel4_IRQHandler
                0x08001214                RTC_IRQHandler
                0x08001214                DMA1_Channel7_IRQHandler
                0x08001214                CAN1_RX1_IRQHandler
                0x08001214                I2C1_EV_IRQHandler
                0x08001214                DMA1_Channel6_IRQHandler
                0x08001214                TIM3_IRQHandler
                0x08001214                RCC_IRQHandler
                0x08001214                TIM1_TRG_COM_IRQHandler
                0x08001214                DMA1_Channel1_IRQHandler
                0x08001214                Default_Handler
                0x08001214                EXTI15_10_IRQHandler
                0x08001214                EXTI9_5_IRQHandler
                0x08001214                DMA1_Channel5_IRQHandler
                0x08001214                EXTI4_IRQHandler
                0x08001214                USB_LP_CAN1_RX0_IRQHandler
                0x08001214                USB_HP_CAN1_TX_IRQHandler
                0x08001214                DMA1_Channel3_IRQHandler
                0x08001214                TIM1_UP_IRQHandler
                0x08001214                WWDG_IRQHandler
                0x08001214                TIM2_IRQHandler
                0x08001214                TIM1_BRK_IRQHandler
                0x08001214                EXTI1_IRQHandler
                0x08001214                USART2_IRQHandler
                0x08001214                DMA1_Channel2_IRQHandler
                0x08001214                CAN1_SCE_IRQHandler
                0x08001214                FLASH_IRQHandler
                0x08001214                USART1_IRQHandler
                0x08001214                I2C1_ER_IRQHandler
                0x08001214                USBWakeUp_IRQHandler
 *fill*         0x08001216        0x2 
 .text.HAL_Init
                0x08001218       0x2c ./Drivers/STM32F1xx_HAL_Driver/Src/stm32f1xx_hal.o
                0x08001218                HAL_Init
 .text.HAL_InitTick
                0x08001244       0x60 ./Drivers/STM32F1xx_HAL_Driver/Src/stm32f1xx_hal.o
                0x08001244                HAL_InitTick
 .text.HAL_IncTick
                0x080012a4       0x24 ./Drivers/STM32F1xx_HAL_Driver/Src/stm32f1xx_hal.o
                0x080012a4                HAL_IncTick
 .text.HAL_GetTick
                0x080012c8       0x14 ./Drivers/STM32F1xx_HAL_Driver/Src/stm32f1xx_hal.o
                0x080012c8                HAL_GetTick
 .text.HAL_Delay
                0x080012dc       0x48 ./Drivers/STM32F1xx_HAL_Driver/Src/stm32f1xx_hal.o
                0x080012dc                HAL_Delay
 .text.__NVIC_SetPriorityGrouping
                0x08001324       0x48 ./Drivers/STM32F1xx_HAL_Driver/Src/stm32f1xx_hal_cortex.o
 .text.__NVIC_GetPriorityGrouping
                0x0800136c       0x1c ./Drivers/STM32F1xx_HAL_Driver/Src/stm32f1xx_hal_cortex.o
 .text.__NVIC_SetPriority
                0x08001388       0x54 ./Drivers/STM32F1xx_HAL_Driver/Src/stm32f1xx_hal_cortex.o
 .text.NVIC_EncodePriority
                0x080013dc       0x64 ./Drivers/STM32F1xx_HAL_Driver/Src/stm32f1xx_hal_cortex.o
 .text.SysTick_Config
                0x08001440       0x44 ./Drivers/STM32F1xx_HAL_Driver/Src/stm32f1xx_hal_cortex.o
 .text.HAL_NVIC_SetPriorityGrouping
                0x08001484       0x16 ./Drivers/STM32F1xx_HAL_Driver/Src/stm32f1xx_hal_cortex.o
                0x08001484                HAL_NVIC_SetPriorityGrouping
 .text.HAL_NVIC_SetPriority
                0x0800149a       0x38 ./Drivers/STM32F1xx_HAL_Driver/Src/stm32f1xx_hal_cortex.o
                0x0800149a                HAL_NVIC_SetPriority
 .text.HAL_SYSTICK_Config
                0x080014d2       0x18 ./Drivers/STM32F1xx_HAL_Driver/Src/stm32f1xx_hal_cortex.o
                0x080014d2                HAL_SYSTICK_Config
 *fill*         0x080014ea        0x2 
 .text.HAL_GPIO_Init
                0x080014ec      0x2f8 ./Drivers/STM32F1xx_HAL_Driver/Src/stm32f1xx_hal_gpio.o
                0x080014ec                HAL_GPIO_Init
 .text.HAL_GPIO_ReadPin
                0x080017e4       0x2e ./Drivers/STM32F1xx_HAL_Driver/Src/stm32f1xx_hal_gpio.o
                0x080017e4                HAL_GPIO_ReadPin
 .text.HAL_GPIO_WritePin
                0x08001812       0x30 ./Drivers/STM32F1xx_HAL_Driver/Src/stm32f1xx_hal_gpio.o
                0x08001812                HAL_GPIO_WritePin
 *fill*         0x08001842        0x2 
 .text.HAL_RCC_OscConfig
                0x08001844      0x504 ./Drivers/STM32F1xx_HAL_Driver/Src/stm32f1xx_hal_rcc.o
                0x08001844                HAL_RCC_OscConfig
 .text.HAL_RCC_ClockConfig
                0x08001d48      0x1d4 ./Drivers/STM32F1xx_HAL_Driver/Src/stm32f1xx_hal_rcc.o
                0x08001d48                HAL_RCC_ClockConfig
 .text.HAL_RCC_GetSysClockFreq
                0x08001f1c       0xa8 ./Drivers/STM32F1xx_HAL_Driver/Src/stm32f1xx_hal_rcc.o
                0x08001f1c                HAL_RCC_GetSysClockFreq
 .text.HAL_RCC_GetHCLKFreq
                0x08001fc4       0x14 ./Drivers/STM32F1xx_HAL_Driver/Src/stm32f1xx_hal_rcc.o
                0x08001fc4                HAL_RCC_GetHCLKFreq
 .text.HAL_RCC_GetPCLK1Freq
                0x08001fd8       0x28 ./Drivers/STM32F1xx_HAL_Driver/Src/stm32f1xx_hal_rcc.o
                0x08001fd8                HAL_RCC_GetPCLK1Freq
 .text.HAL_RCC_GetPCLK2Freq
                0x08002000       0x28 ./Drivers/STM32F1xx_HAL_Driver/Src/stm32f1xx_hal_rcc.o
                0x08002000                HAL_RCC_GetPCLK2Freq
 .text.RCC_Delay
                0x08002028       0x3c ./Drivers/STM32F1xx_HAL_Driver/Src/stm32f1xx_hal_rcc.o
 .text.HAL_SPI_Init
                0x08002064      0x108 ./Drivers/STM32F1xx_HAL_Driver/Src/stm32f1xx_hal_spi.o
                0x08002064                HAL_SPI_Init
 .text.HAL_SPI_Transmit
                0x0800216c      0x286 ./Drivers/STM32F1xx_HAL_Driver/Src/stm32f1xx_hal_spi.o
                0x0800216c                HAL_SPI_Transmit
 .text.HAL_SPI_TransmitReceive
                0x080023f2      0x360 ./Drivers/STM32F1xx_HAL_Driver/Src/stm32f1xx_hal_spi.o
                0x080023f2                HAL_SPI_TransmitReceive
 .text.HAL_SPI_GetState
                0x08002752       0x1a ./Drivers/STM32F1xx_HAL_Driver/Src/stm32f1xx_hal_spi.o
                0x08002752                HAL_SPI_GetState
 .text.SPI_WaitFlagStateUntilTimeout
                0x0800276c      0x110 ./Drivers/STM32F1xx_HAL_Driver/Src/stm32f1xx_hal_spi.o
 .text.SPI_EndRxTxTransaction
                0x0800287c       0x3c ./Drivers/STM32F1xx_HAL_Driver/Src/stm32f1xx_hal_spi.o
 .text.HAL_UART_Init
                0x080028b8       0xa0 ./Drivers/STM32F1xx_HAL_Driver/Src/stm32f1xx_hal_uart.o
                0x080028b8                HAL_UART_Init
 .text.HAL_UART_Transmit
                0x08002958      0x106 ./Drivers/STM32F1xx_HAL_Driver/Src/stm32f1xx_hal_uart.o
                0x08002958                HAL_UART_Transmit
 .text.UART_WaitOnFlagUntilTimeout
                0x08002a5e       0xdc ./Drivers/STM32F1xx_HAL_Driver/Src/stm32f1xx_hal_uart.o
 *fill*         0x08002b3a        0x2 
 .text.UART_SetConfig
                0x08002b3c      0x11c ./Drivers/STM32F1xx_HAL_Driver/Src/stm32f1xx_hal_uart.o
 .text.memset   0x08002c58       0x10 C:/ST/STM32CubeIDE_1.15.1/STM32CubeIDE/plugins/com.st.stm32cube.ide.mcu.externaltools.gnu-tools-for-stm32.12.3.rel1.win32_1.0.100.202403111256/tools/bin/../lib/gcc/arm-none-eabi/12.3.1/../../../../arm-none-eabi/lib/thumb/v7-m/nofp\libc_nano.a(libc_a-memset.o)
                0x08002c58                memset
 .text.__libc_init_array
                0x08002c68       0x48 C:/ST/STM32CubeIDE_1.15.1/STM32CubeIDE/plugins/com.st.stm32cube.ide.mcu.externaltools.gnu-tools-for-stm32.12.3.rel1.win32_1.0.100.202403111256/tools/bin/../lib/gcc/arm-none-eabi/12.3.1/../../../../arm-none-eabi/lib/thumb/v7-m/nofp\libc_nano.a(libc_a-init.o)
                0x08002c68                __libc_init_array
 .text.memcpy   0x08002cb0       0x1c C:/ST/STM32CubeIDE_1.15.1/STM32CubeIDE/plugins/com.st.stm32cube.ide.mcu.externaltools.gnu-tools-for-stm32.12.3.rel1.win32_1.0.100.202403111256/tools/bin/../lib/gcc/arm-none-eabi/12.3.1/../../../../arm-none-eabi/lib/thumb/v7-m/nofp\libc_nano.a(libc_a-memcpy-stub.o)
                0x08002cb0                memcpy
 *(.glue_7)
 .glue_7        0x08002ccc        0x0 linker stubs
 *(.glue_7t)
 .glue_7t       0x08002ccc        0x0 linker stubs
 *(.eh_frame)
 .eh_frame      0x08002ccc        0x0 C:/ST/STM32CubeIDE_1.15.1/STM32CubeIDE/plugins/com.st.stm32cube.ide.mcu.externaltools.gnu-tools-for-stm32.12.3.rel1.win32_1.0.100.202403111256/tools/bin/../lib/gcc/arm-none-eabi/12.3.1/thumb/v7-m/nofp/crtbegin.o
 *(.init)
 .init          0x08002ccc        0x4 C:/ST/STM32CubeIDE_1.15.1/STM32CubeIDE/plugins/com.st.stm32cube.ide.mcu.externaltools.gnu-tools-for-stm32.12.3.rel1.win32_1.0.100.202403111256/tools/bin/../lib/gcc/arm-none-eabi/12.3.1/thumb/v7-m/nofp/crti.o
                0x08002ccc                _init
 .init          0x08002cd0        0x8 C:/ST/STM32CubeIDE_1.15.1/STM32CubeIDE/plugins/com.st.stm32cube.ide.mcu.externaltools.gnu-tools-for-stm32.12.3.rel1.win32_1.0.100.202403111256/tools/bin/../lib/gcc/arm-none-eabi/12.3.1/thumb/v7-m/nofp/crtn.o
 *(.fini)
 .fini          0x08002cd8        0x4 C:/ST/STM32CubeIDE_1.15.1/STM32CubeIDE/plugins/com.st.stm32cube.ide.mcu.externaltools.gnu-tools-for-stm32.12.3.rel1.win32_1.0.100.202403111256/tools/bin/../lib/gcc/arm-none-eabi/12.3.1/thumb/v7-m/nofp/crti.o
                0x08002cd8                _fini
 .fini          0x08002cdc        0x8 C:/ST/STM32CubeIDE_1.15.1/STM32CubeIDE/plugins/com.st.stm32cube.ide.mcu.externaltools.gnu-tools-for-stm32.12.3.rel1.win32_1.0.100.202403111256/tools/bin/../lib/gcc/arm-none-eabi/12.3.1/thumb/v7-m/nofp/crtn.o
                0x08002ce4                        . = ALIGN (0x4)
                0x08002ce4                        _etext = .

.vfp11_veneer   0x08002ce4        0x0
 .vfp11_veneer  0x08002ce4        0x0 linker stubs

.v4_bx          0x08002ce4        0x0
 .v4_bx         0x08002ce4        0x0 linker stubs

.iplt           0x08002ce4        0x0
 .iplt          0x08002ce4        0x0 C:/ST/STM32CubeIDE_1.15.1/STM32CubeIDE/plugins/com.st.stm32cube.ide.mcu.externaltools.gnu-tools-for-stm32.12.3.rel1.win32_1.0.100.202403111256/tools/bin/../lib/gcc/arm-none-eabi/12.3.1/thumb/v7-m/nofp/crtbegin.o

.rodata         0x08002ce4       0x4c
                0x08002ce4                        . = ALIGN (0x4)
 *(.rodata)
 *(.rodata*)
 .rodata.SX1278_Power
                0x08002ce4        0x4 ./Core/Src/SX1278.o
 .rodata.SX1278_SpreadFactor
                0x08002ce8        0x7 ./Core/Src/SX1278.o
 *fill*         0x08002cef        0x1 
 .rodata.SX1278_LoRaBandwidth
                0x08002cf0        0xa ./Core/Src/SX1278.o
 *fill*         0x08002cfa        0x2 
 .rodata.SX1278_CodingRate
                0x08002cfc        0x4 ./Core/Src/SX1278.o
 .rodata.SX1278_CRC_Sum
                0x08002d00        0x2 ./Core/Src/SX1278.o
 *fill*         0x08002d02        0x2 
 .rodata.AHBPrescTable
                0x08002d04       0x10 ./Core/Src/system_stm32f1xx.o
                0x08002d04                AHBPrescTable
 .rodata.APBPrescTable
                0x08002d14        0x8 ./Core/Src/system_stm32f1xx.o
                0x08002d14                APBPrescTable
 .rodata.aPLLMULFactorTable.1
                0x08002d1c       0x10 ./Drivers/STM32F1xx_HAL_Driver/Src/stm32f1xx_hal_rcc.o
 .rodata.aPredivFactorTable.0
                0x08002d2c        0x2 ./Drivers/STM32F1xx_HAL_Driver/Src/stm32f1xx_hal_rcc.o
                0x08002d30                        . = ALIGN (0x4)
 *fill*         0x08002d2e        0x2 

.ARM.extab      0x08002d30        0x0
                0x08002d30                        . = ALIGN (0x4)
 *(.ARM.extab* .gnu.linkonce.armextab.*)
                0x08002d30                        . = ALIGN (0x4)

.ARM            0x08002d30        0x8
                0x08002d30                        . = ALIGN (0x4)
                0x08002d30                        __exidx_start = .
 *(.ARM.exidx*)
 .ARM.exidx     0x08002d30        0x8 C:/ST/STM32CubeIDE_1.15.1/STM32CubeIDE/plugins/com.st.stm32cube.ide.mcu.externaltools.gnu-tools-for-stm32.12.3.rel1.win32_1.0.100.202403111256/tools/bin/../lib/gcc/arm-none-eabi/12.3.1/thumb/v7-m/nofp\libgcc.a(_udivmoddi4.o)
                0x08002d38                        __exidx_end = .
                0x08002d38                        . = ALIGN (0x4)

.preinit_array  0x08002d38        0x0
                0x08002d38                        . = ALIGN (0x4)
                0x08002d38                        PROVIDE (__preinit_array_start = .)
 *(.preinit_array*)
                0x08002d38                        PROVIDE (__preinit_array_end = .)
                0x08002d38                        . = ALIGN (0x4)

.init_array     0x08002d38        0x4
                0x08002d38                        . = ALIGN (0x4)
                0x08002d38                        PROVIDE (__init_array_start = .)
 *(SORT_BY_NAME(.init_array.*))
 *(.init_array*)
 .init_array    0x08002d38        0x4 C:/ST/STM32CubeIDE_1.15.1/STM32CubeIDE/plugins/com.st.stm32cube.ide.mcu.externaltools.gnu-tools-for-stm32.12.3.rel1.win32_1.0.100.202403111256/tools/bin/../lib/gcc/arm-none-eabi/12.3.1/thumb/v7-m/nofp/crtbegin.o
                0x08002d3c                        PROVIDE (__init_array_end = .)
                0x08002d3c                        . = ALIGN (0x4)

.fini_array     0x08002d3c        0x4
                0x08002d3c                        . = ALIGN (0x4)
                [!provide]                        PROVIDE (__fini_array_start = .)
 *(SORT_BY_NAME(.fini_array.*))
 *(.fini_array*)
 .fini_array    0x08002d3c        0x4 C:/ST/STM32CubeIDE_1.15.1/STM32CubeIDE/plugins/com.st.stm32cube.ide.mcu.externaltools.gnu-tools-for-stm32.12.3.rel1.win32_1.0.100.202403111256/tools/bin/../lib/gcc/arm-none-eabi/12.3.1/thumb/v7-m/nofp/crtbegin.o
                [!provide]                        PROVIDE (__fini_array_end = .)
                0x08002d40                        . = ALIGN (0x4)
                0x08002d40                        _sidata = LOADADDR (.data)

.rel.dyn        0x08002d40        0x0
 .rel.iplt      0x08002d40        0x0 C:/ST/STM32CubeIDE_1.15.1/STM32CubeIDE/plugins/com.st.stm32cube.ide.mcu.externaltools.gnu-tools-for-stm32.12.3.rel1.win32_1.0.100.202403111256/tools/bin/../lib/gcc/arm-none-eabi/12.3.1/thumb/v7-m/nofp/crtbegin.o

.data           0x20000000       0x28 load address 0x08002d40
                0x20000000                        . = ALIGN (0x4)
                0x20000000                        _sdata = .
 *(.data)
 *(.data*)
 .data.str_corrupted_packet
                0x20000000       0x1a ./Core/Src/main.o
                0x20000000                str_corrupted_packet
 *fill*         0x2000001a        0x2 
 .data.SystemCoreClock
                0x2000001c        0x4 ./Core/Src/system_stm32f1xx.o
                0x2000001c                SystemCoreClock
 .data.uwTickPrio
                0x20000020        0x4 ./Drivers/STM32F1xx_HAL_Driver/Src/stm32f1xx_hal.o
                0x20000020                uwTickPrio
 .data.uwTickFreq
                0x20000024        0x1 ./Drivers/STM32F1xx_HAL_Driver/Src/stm32f1xx_hal.o
                0x20000024                uwTickFreq
 *(.RamFunc)
 *(.RamFunc*)
                0x20000028                        . = ALIGN (0x4)
 *fill*         0x20000025        0x3 
                0x20000028                        _edata = .

.igot.plt       0x20000028        0x0 load address 0x08002d68
 .igot.plt      0x20000028        0x0 C:/ST/STM32CubeIDE_1.15.1/STM32CubeIDE/plugins/com.st.stm32cube.ide.mcu.externaltools.gnu-tools-for-stm32.12.3.rel1.win32_1.0.100.202403111256/tools/bin/../lib/gcc/arm-none-eabi/12.3.1/thumb/v7-m/nofp/crtbegin.o
                0x20000028                        . = ALIGN (0x4)

.bss            0x20000028      0x3fc load address 0x08002d68
                0x20000028                        _sbss = .
                0x20000028                        __bss_start__ = _sbss
 *(.bss)
 .bss           0x20000028       0x1c C:/ST/STM32CubeIDE_1.15.1/STM32CubeIDE/plugins/com.st.stm32cube.ide.mcu.externaltools.gnu-tools-for-stm32.12.3.rel1.win32_1.0.100.202403111256/tools/bin/../lib/gcc/arm-none-eabi/12.3.1/thumb/v7-m/nofp/crtbegin.o
 *(.bss*)
 .bss.hspi1     0x20000044       0x58 ./Core/Src/main.o
                0x20000044                hspi1
 .bss.huart1    0x2000009c       0x48 ./Core/Src/main.o
                0x2000009c                huart1
 .bss.SX1278_hw
                0x200000e4       0x1c ./Core/Src/main.o
                0x200000e4                SX1278_hw
 .bss.SX1278    0x20000100      0x118 ./Core/Src/main.o
                0x20000100                SX1278
 .bss.ret       0x20000218        0x4 ./Core/Src/main.o
                0x20000218                ret
 .bss.crc_calc  0x2000021c        0x2 ./Core/Src/main.o
                0x2000021c                crc_calc
 .bss.crc_pack  0x2000021e        0x2 ./Core/Src/main.o
                0x2000021e                crc_pack
 .bss.transmit_buffer
                0x20000220      0x200 ./Core/Src/main.o
                0x20000220                transmit_buffer
 .bss.uwTick    0x20000420        0x4 ./Drivers/STM32F1xx_HAL_Driver/Src/stm32f1xx_hal.o
                0x20000420                uwTick
 *(COMMON)
                0x20000424                        . = ALIGN (0x4)
                0x20000424                        _ebss = .
                0x20000424                        __bss_end__ = _ebss

._user_heap_stack
                0x20000424      0x604 load address 0x08002d68
                0x20000428                        . = ALIGN (0x8)
 *fill*         0x20000424        0x4 
                [!provide]                        PROVIDE (end = .)
                0x20000428                        PROVIDE (_end = .)
                0x20000628                        . = (. + _Min_Heap_Size)
 *fill*         0x20000428      0x200 
                0x20000a28                        . = (. + _Min_Stack_Size)
 *fill*         0x20000628      0x400 
                0x20000a28                        . = ALIGN (0x8)

/DISCARD/
 libc.a(*)
 libm.a(*)
 libgcc.a(*)

.ARM.attributes
                0x00000000       0x29
 *(.ARM.attributes)
 .ARM.attributes
                0x00000000       0x1d C:/ST/STM32CubeIDE_1.15.1/STM32CubeIDE/plugins/com.st.stm32cube.ide.mcu.externaltools.gnu-tools-for-stm32.12.3.rel1.win32_1.0.100.202403111256/tools/bin/../lib/gcc/arm-none-eabi/12.3.1/thumb/v7-m/nofp/crti.o
 .ARM.attributes
                0x0000001d       0x2d C:/ST/STM32CubeIDE_1.15.1/STM32CubeIDE/plugins/com.st.stm32cube.ide.mcu.externaltools.gnu-tools-for-stm32.12.3.rel1.win32_1.0.100.202403111256/tools/bin/../lib/gcc/arm-none-eabi/12.3.1/thumb/v7-m/nofp/crtbegin.o
 .ARM.attributes
                0x0000004a       0x2d ./Core/Src/SX1278.o
 .ARM.attributes
                0x00000077       0x2d ./Core/Src/SX1278_hw.o
 .ARM.attributes
                0x000000a4       0x2d ./Core/Src/main.o
 .ARM.attributes
                0x000000d1       0x2d ./Core/Src/stm32f1xx_hal_msp.o
 .ARM.attributes
                0x000000fe       0x2d ./Core/Src/stm32f1xx_it.o
 .ARM.attributes
                0x0000012b       0x2d ./Core/Src/system_stm32f1xx.o
 .ARM.attributes
                0x00000158       0x21 ./Core/Startup/startup_stm32f103c6tx.o
 .ARM.attributes
                0x00000179       0x2d ./Drivers/STM32F1xx_HAL_Driver/Src/stm32f1xx_hal.o
 .ARM.attributes
                0x000001a6       0x2d ./Drivers/STM32F1xx_HAL_Driver/Src/stm32f1xx_hal_cortex.o
 .ARM.attributes
                0x000001d3       0x2d ./Drivers/STM32F1xx_HAL_Driver/Src/stm32f1xx_hal_gpio.o
 .ARM.attributes
                0x00000200       0x2d ./Drivers/STM32F1xx_HAL_Driver/Src/stm32f1xx_hal_rcc.o
 .ARM.attributes
                0x0000022d       0x2d ./Drivers/STM32F1xx_HAL_Driver/Src/stm32f1xx_hal_spi.o
 .ARM.attributes
                0x0000025a       0x2d ./Drivers/STM32F1xx_HAL_Driver/Src/stm32f1xx_hal_uart.o
 .ARM.attributes
                0x00000287       0x2d C:/ST/STM32CubeIDE_1.15.1/STM32CubeIDE/plugins/com.st.stm32cube.ide.mcu.externaltools.gnu-tools-for-stm32.12.3.rel1.win32_1.0.100.202403111256/tools/bin/../lib/gcc/arm-none-eabi/12.3.1/../../../../arm-none-eabi/lib/thumb/v7-m/nofp\libc_nano.a(libc_a-memset.o)
 .ARM.attributes
                0x000002b4       0x2d C:/ST/STM32CubeIDE_1.15.1/STM32CubeIDE/plugins/com.st.stm32cube.ide.mcu.externaltools.gnu-tools-for-stm32.12.3.rel1.win32_1.0.100.202403111256/tools/bin/../lib/gcc/arm-none-eabi/12.3.1/../../../../arm-none-eabi/lib/thumb/v7-m/nofp\libc_nano.a(libc_a-init.o)
 .ARM.attributes
                0x000002e1       0x2d C:/ST/STM32CubeIDE_1.15.1/STM32CubeIDE/plugins/com.st.stm32cube.ide.mcu.externaltools.gnu-tools-for-stm32.12.3.rel1.win32_1.0.100.202403111256/tools/bin/../lib/gcc/arm-none-eabi/12.3.1/../../../../arm-none-eabi/lib/thumb/v7-m/nofp\libc_nano.a(libc_a-memcpy-stub.o)
 .ARM.attributes
                0x0000030e       0x1d C:/ST/STM32CubeIDE_1.15.1/STM32CubeIDE/plugins/com.st.stm32cube.ide.mcu.externaltools.gnu-tools-for-stm32.12.3.rel1.win32_1.0.100.202403111256/tools/bin/../lib/gcc/arm-none-eabi/12.3.1/thumb/v7-m/nofp\libgcc.a(_aeabi_uldivmod.o)
 .ARM.attributes
                0x0000032b       0x2d C:/ST/STM32CubeIDE_1.15.1/STM32CubeIDE/plugins/com.st.stm32cube.ide.mcu.externaltools.gnu-tools-for-stm32.12.3.rel1.win32_1.0.100.202403111256/tools/bin/../lib/gcc/arm-none-eabi/12.3.1/thumb/v7-m/nofp\libgcc.a(_udivmoddi4.o)
 .ARM.attributes
                0x00000358       0x1d C:/ST/STM32CubeIDE_1.15.1/STM32CubeIDE/plugins/com.st.stm32cube.ide.mcu.externaltools.gnu-tools-for-stm32.12.3.rel1.win32_1.0.100.202403111256/tools/bin/../lib/gcc/arm-none-eabi/12.3.1/thumb/v7-m/nofp\libgcc.a(_dvmd_tls.o)
 .ARM.attributes
                0x00000375       0x1d C:/ST/STM32CubeIDE_1.15.1/STM32CubeIDE/plugins/com.st.stm32cube.ide.mcu.externaltools.gnu-tools-for-stm32.12.3.rel1.win32_1.0.100.202403111256/tools/bin/../lib/gcc/arm-none-eabi/12.3.1/thumb/v7-m/nofp/crtn.o
OUTPUT(receiver.elf elf32-littlearm)
LOAD linker stubs
LOAD C:/ST/STM32CubeIDE_1.15.1/STM32CubeIDE/plugins/com.st.stm32cube.ide.mcu.externaltools.gnu-tools-for-stm32.12.3.rel1.win32_1.0.100.202403111256/tools/bin/../lib/gcc/arm-none-eabi/12.3.1/../../../../arm-none-eabi/lib/thumb/v7-m/nofp\libc.a
LOAD C:/ST/STM32CubeIDE_1.15.1/STM32CubeIDE/plugins/com.st.stm32cube.ide.mcu.externaltools.gnu-tools-for-stm32.12.3.rel1.win32_1.0.100.202403111256/tools/bin/../lib/gcc/arm-none-eabi/12.3.1/../../../../arm-none-eabi/lib/thumb/v7-m/nofp\libm.a
LOAD C:/ST/STM32CubeIDE_1.15.1/STM32CubeIDE/plugins/com.st.stm32cube.ide.mcu.externaltools.gnu-tools-for-stm32.12.3.rel1.win32_1.0.100.202403111256/tools/bin/../lib/gcc/arm-none-eabi/12.3.1/thumb/v7-m/nofp\libgcc.a

.debug_info     0x00000000     0x93ac
 .debug_info    0x00000000      0x93d ./Core/Src/SX1278.o
 .debug_info    0x0000093d      0x862 ./Core/Src/SX1278_hw.o
 .debug_info    0x0000119f     0x104e ./Core/Src/main.o
 .debug_info    0x000021ed      0xae0 ./Core/Src/stm32f1xx_hal_msp.o
 .debug_info    0x00002ccd      0x113 ./Core/Src/stm32f1xx_it.o
 .debug_info    0x00002de0      0x222 ./Core/Src/system_stm32f1xx.o
 .debug_info    0x00003002       0x30 ./Core/Startup/startup_stm32f103c6tx.o
 .debug_info    0x00003032      0x6e6 ./Drivers/STM32F1xx_HAL_Driver/Src/stm32f1xx_hal.o
 .debug_info    0x00003718      0xa69 ./Drivers/STM32F1xx_HAL_Driver/Src/stm32f1xx_hal_cortex.o
 .debug_info    0x00004181      0x5ab ./Drivers/STM32F1xx_HAL_Driver/Src/stm32f1xx_hal_gpio.o
 .debug_info    0x0000472c      0x7d5 ./Drivers/STM32F1xx_HAL_Driver/Src/stm32f1xx_hal_rcc.o
 .debug_info    0x00004f01     0x1503 ./Drivers/STM32F1xx_HAL_Driver/Src/stm32f1xx_hal_spi.o
 .debug_info    0x00006404     0x2fa8 ./Drivers/STM32F1xx_HAL_Driver/Src/stm32f1xx_hal_uart.o

.debug_abbrev   0x00000000     0x1980
 .debug_abbrev  0x00000000      0x200 ./Core/Src/SX1278.o
 .debug_abbrev  0x00000200      0x1f2 ./Core/Src/SX1278_hw.o
 .debug_abbrev  0x000003f2      0x31a ./Core/Src/main.o
 .debug_abbrev  0x0000070c      0x1ac ./Core/Src/stm32f1xx_hal_msp.o
 .debug_abbrev  0x000008b8       0x73 ./Core/Src/stm32f1xx_it.o
 .debug_abbrev  0x0000092b      0x13f ./Core/Src/system_stm32f1xx.o
 .debug_abbrev  0x00000a6a       0x24 ./Core/Startup/startup_stm32f103c6tx.o
 .debug_abbrev  0x00000a8e      0x201 ./Drivers/STM32F1xx_HAL_Driver/Src/stm32f1xx_hal.o
 .debug_abbrev  0x00000c8f      0x2f8 ./Drivers/STM32F1xx_HAL_Driver/Src/stm32f1xx_hal_cortex.o
 .debug_abbrev  0x00000f87      0x1ca ./Drivers/STM32F1xx_HAL_Driver/Src/stm32f1xx_hal_gpio.o
 .debug_abbrev  0x00001151      0x2b3 ./Drivers/STM32F1xx_HAL_Driver/Src/stm32f1xx_hal_rcc.o
 .debug_abbrev  0x00001404      0x284 ./Drivers/STM32F1xx_HAL_Driver/Src/stm32f1xx_hal_spi.o
 .debug_abbrev  0x00001688      0x2f8 ./Drivers/STM32F1xx_HAL_Driver/Src/stm32f1xx_hal_uart.o

.debug_aranges  0x00000000      0x8e8
 .debug_aranges
                0x00000000       0xb8 ./Core/Src/SX1278.o
 .debug_aranges
                0x000000b8       0x50 ./Core/Src/SX1278_hw.o
 .debug_aranges
                0x00000108       0x50 ./Core/Src/main.o
 .debug_aranges
                0x00000158       0x40 ./Core/Src/stm32f1xx_hal_msp.o
 .debug_aranges
                0x00000198       0x60 ./Core/Src/stm32f1xx_it.o
 .debug_aranges
                0x000001f8       0x28 ./Core/Src/system_stm32f1xx.o
 .debug_aranges
                0x00000220       0x28 ./Core/Startup/startup_stm32f103c6tx.o
 .debug_aranges
                0x00000248       0xe0 ./Drivers/STM32F1xx_HAL_Driver/Src/stm32f1xx_hal.o
 .debug_aranges
                0x00000328      0x100 ./Drivers/STM32F1xx_HAL_Driver/Src/stm32f1xx_hal_cortex.o
 .debug_aranges
                0x00000428       0x58 ./Drivers/STM32F1xx_HAL_Driver/Src/stm32f1xx_hal_gpio.o
 .debug_aranges
                0x00000480       0x90 ./Drivers/STM32F1xx_HAL_Driver/Src/stm32f1xx_hal_rcc.o
 .debug_aranges
                0x00000510      0x1d0 ./Drivers/STM32F1xx_HAL_Driver/Src/stm32f1xx_hal_spi.o
 .debug_aranges
                0x000006e0      0x208 ./Drivers/STM32F1xx_HAL_Driver/Src/stm32f1xx_hal_uart.o

.debug_rnglists
                0x00000000      0x6cf
 .debug_rnglists
                0x00000000       0x89 ./Core/Src/SX1278.o
 .debug_rnglists
                0x00000089       0x37 ./Core/Src/SX1278_hw.o
 .debug_rnglists
                0x000000c0       0x39 ./Core/Src/main.o
 .debug_rnglists
                0x000000f9       0x2d ./Core/Src/stm32f1xx_hal_msp.o
 .debug_rnglists
                0x00000126       0x43 ./Core/Src/stm32f1xx_it.o
 .debug_rnglists
                0x00000169       0x1a ./Core/Src/system_stm32f1xx.o
 .debug_rnglists
                0x00000183       0x19 ./Core/Startup/startup_stm32f103c6tx.o
 .debug_rnglists
                0x0000019c       0xa3 ./Drivers/STM32F1xx_HAL_Driver/Src/stm32f1xx_hal.o
 .debug_rnglists
                0x0000023f       0xbb ./Drivers/STM32F1xx_HAL_Driver/Src/stm32f1xx_hal_cortex.o
 .debug_rnglists
                0x000002fa       0x3f ./Drivers/STM32F1xx_HAL_Driver/Src/stm32f1xx_hal_gpio.o
 .debug_rnglists
                0x00000339       0x6c ./Drivers/STM32F1xx_HAL_Driver/Src/stm32f1xx_hal_rcc.o
 .debug_rnglists
                0x000003a5      0x16e ./Drivers/STM32F1xx_HAL_Driver/Src/stm32f1xx_hal_spi.o
 .debug_rnglists
                0x00000513      0x1bc ./Drivers/STM32F1xx_HAL_Driver/Src/stm32f1xx_hal_uart.o

.debug_macro    0x00000000    0x1703b
 .debug_macro   0x00000000      0x158 ./Core/Src/SX1278.o
 .debug_macro   0x00000158      0xaa8 ./Core/Src/SX1278.o
 .debug_macro   0x00000c00       0x22 ./Core/Src/SX1278.o
 .debug_macro   0x00000c22       0x8e ./Core/Src/SX1278.o
 .debug_macro   0x00000cb0       0x51 ./Core/Src/SX1278.o
 .debug_macro   0x00000d01      0x103 ./Core/Src/SX1278.o
 .debug_macro   0x00000e04       0x6a ./Core/Src/SX1278.o
 .debug_macro   0x00000e6e      0x1df ./Core/Src/SX1278.o
 .debug_macro   0x0000104d       0x22 ./Core/Src/SX1278.o
 .debug_macro   0x0000106f      0x38a ./Core/Src/SX1278.o
 .debug_macro   0x000013f9       0x61 ./Core/Src/SX1278.o
 .debug_macro   0x0000145a       0x24 ./Core/Src/SX1278.o
 .debug_macro   0x0000147e       0x43 ./Core/Src/SX1278.o
 .debug_macro   0x000014c1       0x34 ./Core/Src/SX1278.o
 .debug_macro   0x000014f5      0x189 ./Core/Src/SX1278.o
 .debug_macro   0x0000167e       0x16 ./Core/Src/SX1278.o
 .debug_macro   0x00001694       0x43 ./Core/Src/SX1278.o
 .debug_macro   0x000016d7       0x34 ./Core/Src/SX1278.o
 .debug_macro   0x0000170b       0x10 ./Core/Src/SX1278.o
 .debug_macro   0x0000171b       0x58 ./Core/Src/SX1278.o
 .debug_macro   0x00001773       0x8e ./Core/Src/SX1278.o
 .debug_macro   0x00001801       0x1c ./Core/Src/SX1278.o
 .debug_macro   0x0000181d      0x177 ./Core/Src/SX1278.o
 .debug_macro   0x00001994      0x369 ./Core/Src/SX1278.o
 .debug_macro   0x00001cfd       0x10 ./Core/Src/SX1278.o
 .debug_macro   0x00001d0d       0x35 ./Core/Src/SX1278.o
 .debug_macro   0x00001d42       0x20 ./Core/Src/SX1278.o
 .debug_macro   0x00001d62      0x27d ./Core/Src/SX1278_hw.o
 .debug_macro   0x00001fdf      0x21b ./Core/Src/SX1278_hw.o
 .debug_macro   0x000021fa       0x2e ./Core/Src/SX1278_hw.o
 .debug_macro   0x00002228       0x22 ./Core/Src/SX1278_hw.o
 .debug_macro   0x0000224a       0x1c ./Core/Src/SX1278_hw.o
 .debug_macro   0x00002266       0x22 ./Core/Src/SX1278_hw.o
 .debug_macro   0x00002288       0xbd ./Core/Src/SX1278_hw.o
 .debug_macro   0x00002345      0xd23 ./Core/Src/SX1278_hw.o
 .debug_macro   0x00003068     0xde75 ./Core/Src/SX1278_hw.o
 .debug_macro   0x00010edd       0x6d ./Core/Src/SX1278_hw.o
 .debug_macro   0x00010f4a     0x348d ./Core/Src/SX1278_hw.o
 .debug_macro   0x000143d7       0x56 ./Core/Src/SX1278_hw.o
 .debug_macro   0x0001442d      0x5bc ./Core/Src/SX1278_hw.o
 .debug_macro   0x000149e9      0x1b7 ./Core/Src/SX1278_hw.o
 .debug_macro   0x00014ba0      0x1cb ./Core/Src/SX1278_hw.o
 .debug_macro   0x00014d6b      0x114 ./Core/Src/SX1278_hw.o
 .debug_macro   0x00014e7f      0x1b2 ./Core/Src/SX1278_hw.o
 .debug_macro   0x00015031       0x27 ./Core/Src/SX1278_hw.o
 .debug_macro   0x00015058      0x12f ./Core/Src/SX1278_hw.o
 .debug_macro   0x00015187      0x1bc ./Core/Src/SX1278_hw.o
 .debug_macro   0x00015343       0x34 ./Core/Src/SX1278_hw.o
 .debug_macro   0x00015377       0x3c ./Core/Src/SX1278_hw.o
 .debug_macro   0x000153b3       0x57 ./Core/Src/SX1278_hw.o
 .debug_macro   0x0001540a       0x87 ./Core/Src/SX1278_hw.o
 .debug_macro   0x00015491      0x183 ./Core/Src/SX1278_hw.o
 .debug_macro   0x00015614      0x140 ./Core/Src/SX1278_hw.o
 .debug_macro   0x00015754      0x217 ./Core/Src/SX1278_hw.o
 .debug_macro   0x0001596b      0x28e ./Core/Src/SX1278_hw.o
 .debug_macro   0x00015bf9       0x69 ./Core/Src/SX1278_hw.o
 .debug_macro   0x00015c62       0x28 ./Core/Src/SX1278_hw.o
 .debug_macro   0x00015c8a      0x2a5 ./Core/Src/main.o
 .debug_macro   0x00015f2f       0x5c ./Core/Src/main.o
 .debug_macro   0x00015f8b       0x16 ./Core/Src/main.o
 .debug_macro   0x00015fa1       0x10 ./Core/Src/main.o
 .debug_macro   0x00015fb1       0x16 ./Core/Src/main.o
 .debug_macro   0x00015fc7       0x16 ./Core/Src/main.o
 .debug_macro   0x00015fdd      0x146 ./Core/Src/main.o
 .debug_macro   0x00016123      0x1a5 ./Core/Src/stm32f1xx_hal_msp.o
 .debug_macro   0x000162c8      0x1af ./Core/Src/stm32f1xx_it.o
 .debug_macro   0x00016477      0x196 ./Core/Src/system_stm32f1xx.o
 .debug_macro   0x0001660d      0x1ba ./Drivers/STM32F1xx_HAL_Driver/Src/stm32f1xx_hal.o
 .debug_macro   0x000167c7      0x196 ./Drivers/STM32F1xx_HAL_Driver/Src/stm32f1xx_hal_cortex.o
 .debug_macro   0x0001695d      0x201 ./Drivers/STM32F1xx_HAL_Driver/Src/stm32f1xx_hal_gpio.o
 .debug_macro   0x00016b5e      0x1a8 ./Drivers/STM32F1xx_HAL_Driver/Src/stm32f1xx_hal_rcc.o
 .debug_macro   0x00016d06      0x19e ./Drivers/STM32F1xx_HAL_Driver/Src/stm32f1xx_hal_spi.o
 .debug_macro   0x00016ea4      0x197 ./Drivers/STM32F1xx_HAL_Driver/Src/stm32f1xx_hal_uart.o

.debug_line     0x00000000     0xa660
 .debug_line    0x00000000      0x99b ./Core/Src/SX1278.o
 .debug_line    0x0000099b      0x94c ./Core/Src/SX1278_hw.o
 .debug_line    0x000012e7      0xa62 ./Core/Src/main.o
 .debug_line    0x00001d49      0x791 ./Core/Src/stm32f1xx_hal_msp.o
 .debug_line    0x000024da      0x7ad ./Core/Src/stm32f1xx_it.o
 .debug_line    0x00002c87      0x769 ./Core/Src/system_stm32f1xx.o
 .debug_line    0x000033f0       0x78 ./Core/Startup/startup_stm32f103c6tx.o
 .debug_line    0x00003468      0x996 ./Drivers/STM32F1xx_HAL_Driver/Src/stm32f1xx_hal.o
 .debug_line    0x00003dfe      0xb82 ./Drivers/STM32F1xx_HAL_Driver/Src/stm32f1xx_hal_cortex.o
 .debug_line    0x00004980      0xa1a ./Drivers/STM32F1xx_HAL_Driver/Src/stm32f1xx_hal_gpio.o
 .debug_line    0x0000539a      0xd9f ./Drivers/STM32F1xx_HAL_Driver/Src/stm32f1xx_hal_rcc.o
 .debug_line    0x00006139     0x1c48 ./Drivers/STM32F1xx_HAL_Driver/Src/stm32f1xx_hal_spi.o
 .debug_line    0x00007d81     0x28df ./Drivers/STM32F1xx_HAL_Driver/Src/stm32f1xx_hal_uart.o

.debug_str      0x00000000    0x8207e
 .debug_str     0x00000000     0x7e59 ./Core/Src/SX1278.o
                               0x8097 (size before relaxing)
 .debug_str     0x00007e59    0x77c95 ./Core/Src/SX1278_hw.o
                              0x7f091 (size before relaxing)
 .debug_str     0x0007faee      0xa94 ./Core/Src/main.o
                              0x80694 (size before relaxing)
 .debug_str     0x00080582       0xbb ./Core/Src/stm32f1xx_hal_msp.o
                              0x7c07d (size before relaxing)
 .debug_str     0x0008063d       0xc9 ./Core/Src/stm32f1xx_it.o
                              0x7ba62 (size before relaxing)
 .debug_str     0x00080706       0x7e ./Core/Src/system_stm32f1xx.o
                              0x7b9e5 (size before relaxing)
 .debug_str     0x00080784       0x44 ./Core/Startup/startup_stm32f103c6tx.o
                                 0x7f (size before relaxing)
 .debug_str     0x000807c8      0x5c3 ./Drivers/STM32F1xx_HAL_Driver/Src/stm32f1xx_hal.o
                              0x7c0de (size before relaxing)
 .debug_str     0x00080d8b      0x2bb ./Drivers/STM32F1xx_HAL_Driver/Src/stm32f1xx_hal_cortex.o
                              0x7c02a (size before relaxing)
 .debug_str     0x00081046      0x2d0 ./Drivers/STM32F1xx_HAL_Driver/Src/stm32f1xx_hal_gpio.o
                              0x7bd6b (size before relaxing)
 .debug_str     0x00081316      0x229 ./Drivers/STM32F1xx_HAL_Driver/Src/stm32f1xx_hal_rcc.o
                              0x7be14 (size before relaxing)
 .debug_str     0x0008153f      0x537 ./Drivers/STM32F1xx_HAL_Driver/Src/stm32f1xx_hal_spi.o
                              0x7c311 (size before relaxing)
 .debug_str     0x00081a76      0x608 ./Drivers/STM32F1xx_HAL_Driver/Src/stm32f1xx_hal_uart.o
                              0x7c485 (size before relaxing)

.comment        0x00000000       0x43
 .comment       0x00000000       0x43 ./Core/Src/SX1278.o
                                 0x44 (size before relaxing)
 .comment       0x00000043       0x44 ./Core/Src/SX1278_hw.o
 .comment       0x00000043       0x44 ./Core/Src/main.o
 .comment       0x00000043       0x44 ./Core/Src/stm32f1xx_hal_msp.o
 .comment       0x00000043       0x44 ./Core/Src/stm32f1xx_it.o
 .comment       0x00000043       0x44 ./Core/Src/system_stm32f1xx.o
 .comment       0x00000043       0x44 ./Drivers/STM32F1xx_HAL_Driver/Src/stm32f1xx_hal.o
 .comment       0x00000043       0x44 ./Drivers/STM32F1xx_HAL_Driver/Src/stm32f1xx_hal_cortex.o
 .comment       0x00000043       0x44 ./Drivers/STM32F1xx_HAL_Driver/Src/stm32f1xx_hal_gpio.o
 .comment       0x00000043       0x44 ./Drivers/STM32F1xx_HAL_Driver/Src/stm32f1xx_hal_rcc.o
 .comment       0x00000043       0x44 ./Drivers/STM32F1xx_HAL_Driver/Src/stm32f1xx_hal_spi.o
 .comment       0x00000043       0x44 ./Drivers/STM32F1xx_HAL_Driver/Src/stm32f1xx_hal_uart.o

.debug_frame    0x00000000     0x2400
 .debug_frame   0x00000000      0x2e4 ./Core/Src/SX1278.o
 .debug_frame   0x000002e4      0x10c ./Core/Src/SX1278_hw.o
 .debug_frame   0x000003f0       0xf0 ./Core/Src/main.o
 .debug_frame   0x000004e0       0xc8 ./Core/Src/stm32f1xx_hal_msp.o
 .debug_frame   0x000005a8      0x104 ./Core/Src/stm32f1xx_it.o
 .debug_frame   0x000006ac       0x58 ./Core/Src/system_stm32f1xx.o
 .debug_frame   0x00000704      0x334 ./Drivers/STM32F1xx_HAL_Driver/Src/stm32f1xx_hal.o
 .debug_frame   0x00000a38      0x428 ./Drivers/STM32F1xx_HAL_Driver/Src/stm32f1xx_hal_cortex.o
 .debug_frame   0x00000e60      0x14c ./Drivers/STM32F1xx_HAL_Driver/Src/stm32f1xx_hal_gpio.o
 .debug_frame   0x00000fac      0x218 ./Drivers/STM32F1xx_HAL_Driver/Src/stm32f1xx_hal_rcc.o
 .debug_frame   0x000011c4      0x824 ./Drivers/STM32F1xx_HAL_Driver/Src/stm32f1xx_hal_spi.o
 .debug_frame   0x000019e8      0x944 ./Drivers/STM32F1xx_HAL_Driver/Src/stm32f1xx_hal_uart.o
 .debug_frame   0x0000232c       0x20 C:/ST/STM32CubeIDE_1.15.1/STM32CubeIDE/plugins/com.st.stm32cube.ide.mcu.externaltools.gnu-tools-for-stm32.12.3.rel1.win32_1.0.100.202403111256/tools/bin/../lib/gcc/arm-none-eabi/12.3.1/../../../../arm-none-eabi/lib/thumb/v7-m/nofp\libc_nano.a(libc_a-memset.o)
 .debug_frame   0x0000234c       0x2c C:/ST/STM32CubeIDE_1.15.1/STM32CubeIDE/plugins/com.st.stm32cube.ide.mcu.externaltools.gnu-tools-for-stm32.12.3.rel1.win32_1.0.100.202403111256/tools/bin/../lib/gcc/arm-none-eabi/12.3.1/../../../../arm-none-eabi/lib/thumb/v7-m/nofp\libc_nano.a(libc_a-init.o)
 .debug_frame   0x00002378       0x28 C:/ST/STM32CubeIDE_1.15.1/STM32CubeIDE/plugins/com.st.stm32cube.ide.mcu.externaltools.gnu-tools-for-stm32.12.3.rel1.win32_1.0.100.202403111256/tools/bin/../lib/gcc/arm-none-eabi/12.3.1/../../../../arm-none-eabi/lib/thumb/v7-m/nofp\libc_nano.a(libc_a-memcpy-stub.o)
 .debug_frame   0x000023a0       0x2c C:/ST/STM32CubeIDE_1.15.1/STM32CubeIDE/plugins/com.st.stm32cube.ide.mcu.externaltools.gnu-tools-for-stm32.12.3.rel1.win32_1.0.100.202403111256/tools/bin/../lib/gcc/arm-none-eabi/12.3.1/thumb/v7-m/nofp\libgcc.a(_aeabi_uldivmod.o)
 .debug_frame   0x000023cc       0x34 C:/ST/STM32CubeIDE_1.15.1/STM32CubeIDE/plugins/com.st.stm32cube.ide.mcu.externaltools.gnu-tools-for-stm32.12.3.rel1.win32_1.0.100.202403111256/tools/bin/../lib/gcc/arm-none-eabi/12.3.1/thumb/v7-m/nofp\libgcc.a(_udivmoddi4.o)

.debug_line_str
                0x00000000       0x63
 .debug_line_str
                0x00000000       0x63 ./Core/Startup/startup_stm32f103c6tx.o
